Archive member included to satisfy reference by file (symbol)

C:/ST/STM32CubeIDE_1.19.0/STM32CubeIDE/plugins/com.st.stm32cube.ide.mcu.externaltools.gnu-tools-for-stm32.13.3.rel1.win32_1.0.0.202411081344/tools/bin/../lib/gcc/arm-none-eabi/13.3.1/../../../../arm-none-eabi/lib/thumb/v7-m/nofp\libc_nano.a(libc_a-exit.o)
                              C:/ST/STM32CubeIDE_1.19.0/STM32CubeIDE/plugins/com.st.stm32cube.ide.mcu.externaltools.gnu-tools-for-stm32.13.3.rel1.win32_1.0.0.202411081344/tools/bin/../lib/gcc/arm-none-eabi/13.3.1/../../../../arm-none-eabi/lib/thumb/v7-m/nofp/crt0.o (exit)
C:/ST/STM32CubeIDE_1.19.0/STM32CubeIDE/plugins/com.st.stm32cube.ide.mcu.externaltools.gnu-tools-for-stm32.13.3.rel1.win32_1.0.0.202411081344/tools/bin/../lib/gcc/arm-none-eabi/13.3.1/../../../../arm-none-eabi/lib/thumb/v7-m/nofp\libc_nano.a(libc_a-findfp.o)
                              C:/ST/STM32CubeIDE_1.19.0/STM32CubeIDE/plugins/com.st.stm32cube.ide.mcu.externaltools.gnu-tools-for-stm32.13.3.rel1.win32_1.0.0.202411081344/tools/bin/../lib/gcc/arm-none-eabi/13.3.1/../../../../arm-none-eabi/lib/thumb/v7-m/nofp\libc_nano.a(libc_a-exit.o) (__stdio_exit_handler)
C:/ST/STM32CubeIDE_1.19.0/STM32CubeIDE/plugins/com.st.stm32cube.ide.mcu.externaltools.gnu-tools-for-stm32.13.3.rel1.win32_1.0.0.202411081344/tools/bin/../lib/gcc/arm-none-eabi/13.3.1/../../../../arm-none-eabi/lib/thumb/v7-m/nofp\libc_nano.a(libc_a-fwalk.o)
                              C:/ST/STM32CubeIDE_1.19.0/STM32CubeIDE/plugins/com.st.stm32cube.ide.mcu.externaltools.gnu-tools-for-stm32.13.3.rel1.win32_1.0.0.202411081344/tools/bin/../lib/gcc/arm-none-eabi/13.3.1/../../../../arm-none-eabi/lib/thumb/v7-m/nofp\libc_nano.a(libc_a-findfp.o) (_fwalk_sglue)
C:/ST/STM32CubeIDE_1.19.0/STM32CubeIDE/plugins/com.st.stm32cube.ide.mcu.externaltools.gnu-tools-for-stm32.13.3.rel1.win32_1.0.0.202411081344/tools/bin/../lib/gcc/arm-none-eabi/13.3.1/../../../../arm-none-eabi/lib/thumb/v7-m/nofp\libc_nano.a(libc_a-stdio.o)
                              C:/ST/STM32CubeIDE_1.19.0/STM32CubeIDE/plugins/com.st.stm32cube.ide.mcu.externaltools.gnu-tools-for-stm32.13.3.rel1.win32_1.0.0.202411081344/tools/bin/../lib/gcc/arm-none-eabi/13.3.1/../../../../arm-none-eabi/lib/thumb/v7-m/nofp\libc_nano.a(libc_a-findfp.o) (__sread)
C:/ST/STM32CubeIDE_1.19.0/STM32CubeIDE/plugins/com.st.stm32cube.ide.mcu.externaltools.gnu-tools-for-stm32.13.3.rel1.win32_1.0.0.202411081344/tools/bin/../lib/gcc/arm-none-eabi/13.3.1/../../../../arm-none-eabi/lib/thumb/v7-m/nofp\libc_nano.a(libc_a-memset.o)
                              C:/ST/STM32CubeIDE_1.19.0/STM32CubeIDE/plugins/com.st.stm32cube.ide.mcu.externaltools.gnu-tools-for-stm32.13.3.rel1.win32_1.0.0.202411081344/tools/bin/../lib/gcc/arm-none-eabi/13.3.1/../../../../arm-none-eabi/lib/thumb/v7-m/nofp/crt0.o (memset)
C:/ST/STM32CubeIDE_1.19.0/STM32CubeIDE/plugins/com.st.stm32cube.ide.mcu.externaltools.gnu-tools-for-stm32.13.3.rel1.win32_1.0.0.202411081344/tools/bin/../lib/gcc/arm-none-eabi/13.3.1/../../../../arm-none-eabi/lib/thumb/v7-m/nofp\libc_nano.a(libc_a-closer.o)
                              C:/ST/STM32CubeIDE_1.19.0/STM32CubeIDE/plugins/com.st.stm32cube.ide.mcu.externaltools.gnu-tools-for-stm32.13.3.rel1.win32_1.0.0.202411081344/tools/bin/../lib/gcc/arm-none-eabi/13.3.1/../../../../arm-none-eabi/lib/thumb/v7-m/nofp\libc_nano.a(libc_a-stdio.o) (_close_r)
C:/ST/STM32CubeIDE_1.19.0/STM32CubeIDE/plugins/com.st.stm32cube.ide.mcu.externaltools.gnu-tools-for-stm32.13.3.rel1.win32_1.0.0.202411081344/tools/bin/../lib/gcc/arm-none-eabi/13.3.1/../../../../arm-none-eabi/lib/thumb/v7-m/nofp\libc_nano.a(libc_a-reent.o)
                              C:/ST/STM32CubeIDE_1.19.0/STM32CubeIDE/plugins/com.st.stm32cube.ide.mcu.externaltools.gnu-tools-for-stm32.13.3.rel1.win32_1.0.0.202411081344/tools/bin/../lib/gcc/arm-none-eabi/13.3.1/../../../../arm-none-eabi/lib/thumb/v7-m/nofp\libc_nano.a(libc_a-closer.o) (errno)
C:/ST/STM32CubeIDE_1.19.0/STM32CubeIDE/plugins/com.st.stm32cube.ide.mcu.externaltools.gnu-tools-for-stm32.13.3.rel1.win32_1.0.0.202411081344/tools/bin/../lib/gcc/arm-none-eabi/13.3.1/../../../../arm-none-eabi/lib/thumb/v7-m/nofp\libc_nano.a(libc_a-impure.o)
                              C:/ST/STM32CubeIDE_1.19.0/STM32CubeIDE/plugins/com.st.stm32cube.ide.mcu.externaltools.gnu-tools-for-stm32.13.3.rel1.win32_1.0.0.202411081344/tools/bin/../lib/gcc/arm-none-eabi/13.3.1/../../../../arm-none-eabi/lib/thumb/v7-m/nofp\libc_nano.a(libc_a-reent.o) (_impure_ptr)
C:/ST/STM32CubeIDE_1.19.0/STM32CubeIDE/plugins/com.st.stm32cube.ide.mcu.externaltools.gnu-tools-for-stm32.13.3.rel1.win32_1.0.0.202411081344/tools/bin/../lib/gcc/arm-none-eabi/13.3.1/../../../../arm-none-eabi/lib/thumb/v7-m/nofp\libc_nano.a(libc_a-lseekr.o)
[...]
Memory Configuration

Name             Origin             Length             Attributes
RAM              0x20000000         0x00005000         xrw
FLASH            0x08000000         0x00010000         xr
*default*        0x00000000         0xffffffff

Linker script and memory map

LOAD C:/ST/STM32CubeIDE_1.19.0/STM32CubeIDE/plugins/com.st.stm32cube.ide.mcu.externaltools.gnu-tools-for-stm32.13.3.rel1.win32_1.0.0.202411081344/tools/bin/../lib/gcc/arm-none-eabi/13.3.1/thumb/v7-m/nofp/crti.o
LOAD C:/ST/STM32CubeIDE_1.19.0/STM32CubeIDE/plugins/com.st.stm32cube.ide.mcu.externaltools.gnu-tools-for-stm32.13.3.rel1.win32_1.0.0.202411081344/tools/bin/../lib/gcc/arm-none-eabi/13.3.1/thumb/v7-m/nofp/crtbegin.o
LOAD C:/ST/STM32CubeIDE_1.19.0/STM32CubeIDE/plugins/com.st.stm32cube.ide.mcu.externaltools.gnu-tools-for-stm32.13.3.rel1.win32_1.0.0.202411081344/tools/bin/../lib/gcc/arm-none-eabi/13.3.1/../../../../arm-none-eabi/lib/thumb/v7-m/nofp/crt0.o
LOAD ./Core/Src/debug_vars.o
LOAD ./Core/Src/icm20948.o
LOAD ./Core/Src/led_direction.o
LOAD ./Core/Src/mag_ak09916.o
LOAD ./Core/Src/main.o
LOAD ./Core/Src/stationary.o
LOAD ./Core/Src/stm32f1xx_hal_msp.o
LOAD ./Core/Src/stm32f1xx_it.o
LOAD ./Core/Src/syscalls.o
LOAD ./Core/Src/sysmem.o
LOAD ./Core/Src/system_stm32f1xx.o
LOAD ./Core/Src/yaw_fusion.o
LOAD ./Core/Startup/startup_stm32f103c8tx.o
LOAD ./Drivers/STM32F1xx_HAL_Driver/Src/stm32f1xx_hal.o
LOAD ./Drivers/STM32F1xx_HAL_Driver/Src/stm32f1xx_hal_cortex.o
LOAD ./Drivers/STM32F1xx_HAL_Driver/Src/stm32f1xx_hal_dma.o
LOAD ./Drivers/STM32F1xx_HAL_Driver/Src/stm32f1xx_hal_exti.o
LOAD ./Drivers/STM32F1xx_HAL_Driver/Src/stm32f1xx_hal_flash.o
LOAD ./Drivers/STM32F1xx_HAL_Driver/Src/stm32f1xx_hal_flash_ex.o
LOAD ./Drivers/STM32F1xx_HAL_Driver/Src/stm32f1xx_hal_gpio.o
LOAD ./Drivers/STM32F1xx_HAL_Driver/Src/stm32f1xx_hal_gpio_ex.o
LOAD ./Drivers/STM32F1xx_HAL_Driver/Src/stm32f1xx_hal_pwr.o
LOAD ./Drivers/STM32F1xx_HAL_Driver/Src/stm32f1xx_hal_rcc.o
LOAD ./Drivers/STM32F1xx_HAL_Driver/Src/stm32f1xx_hal_rcc_ex.o
LOAD ./Drivers/STM32F1xx_HAL_Driver/Src/stm32f1xx_hal_spi.o
START GROUP
LOAD C:/ST/STM32CubeIDE_1.19.0/STM32CubeIDE/plugins/com.st.stm32cube.ide.mcu.externaltools.gnu-tools-for-stm32.13.3.rel1.win32_1.0.0.202411081344/tools/bin/../lib/gcc/arm-none-eabi/13.3.1/../../../../arm-none-eabi/lib/thumb/v7-m/nofp\libc_nano.a
LOAD C:/ST/STM32CubeIDE_1.19.0/STM32CubeIDE/plugins/com.st.stm32cube.ide.mcu.externaltools.gnu-tools-for-stm32.13.3.rel1.win32_1.0.0.202411081344/tools/bin/../lib/gcc/arm-none-eabi/13.3.1/../../../../arm-none-eabi/lib/thumb/v7-m/nofp\libm.a
END GROUP
START GROUP
LOAD C:/ST/STM32CubeIDE_1.19.0/STM32CubeIDE/plugins/com.st.stm32cube.ide.mcu.externaltools.gnu-tools-for-stm32.13.3.rel1.win32_1.0.0.202411081344/tools/bin/../lib/gcc/arm-none-eabi/13.3.1/thumb/v7-m/nofp\libgcc.a
LOAD C:/ST/STM32CubeIDE_1.19.0/STM32CubeIDE/plugins/com.st.stm32cube.ide.mcu.externaltools.gnu-tools-for-stm32.13.3.rel1.win32_1.0.0.202411081344/tools/bin/../lib/gcc/arm-none-eabi/13.3.1/../../../../arm-none-eabi/lib/thumb/v7-m/nofp\libc_nano.a
END GROUP
START GROUP
LOAD C:/ST/STM32CubeIDE_1.19.0/STM32CubeIDE/plugins/com.st.stm32cube.ide.mcu.externaltools.gnu-tools-for-stm32.13.3.rel1.win32_1.0.0.202411081344/tools/bin/../lib/gcc/arm-none-eabi/13.3.1/thumb/v7-m/nofp\libgcc.a
LOAD C:/ST/STM32CubeIDE_1.19.0/STM32CubeIDE/plugins/com.st.stm32cube.ide.mcu.externaltools.gnu-tools-for-stm32.13.3.rel1.win32_1.0.0.202411081344/tools/bin/../lib/gcc/arm-none-eabi/13.3.1/../../../../arm-none-eabi/lib/thumb/v7-m/nofp\libc_nano.a
LOAD C:/ST/STM32CubeIDE_1.19.0/STM32CubeIDE/plugins/com.st.stm32cube.ide.mcu.externaltools.gnu-tools-for-stm32.13.3.rel1.win32_1.0.0.202411081344/tools/bin/../lib/gcc/arm-none-eabi/13.3.1/../../../../arm-none-eabi/lib/thumb/v7-m/nofp\libnosys.a
END GROUP
START GROUP
LOAD C:/ST/STM32CubeIDE_1.19.0/STM32CubeIDE/plugins/com.st.stm32cube.ide.mcu.externaltools.gnu-tools-for-stm32.13.3.rel1.win32_1.0.0.202411081344/tools/bin/../lib/gcc/arm-none-eabi/13.3.1/thumb/v7-m/nofp\libgcc.a
LOAD C:/ST/STM32CubeIDE_1.19.0/STM32CubeIDE/plugins/com.st.stm32cube.ide.mcu.externaltools.gnu-tools-for-stm32.13.3.rel1.win32_1.0.0.202411081344/tools/bin/../lib/gcc/arm-none-eabi/13.3.1/../../../../arm-none-eabi/lib/thumb/v7-m/nofp\libc_nano.a
LOAD C:/ST/STM32CubeIDE_1.19.0/STM32CubeIDE/plugins/com.st.stm32cube.ide.mcu.externaltools.gnu-tools-for-stm32.13.3.rel1.win32_1.0.0.202411081344/tools/bin/../lib/gcc/arm-none-eabi/13.3.1/../../../../arm-none-eabi/lib/thumb/v7-m/nofp\libnosys.a
END GROUP
LOAD C:/ST/STM32CubeIDE_1.19.0/STM32CubeIDE/plugins/com.st.stm32cube.ide.mcu.externaltools.gnu-tools-for-stm32.13.3.rel1.win32_1.0.0.202411081344/tools/bin/../lib/gcc/arm-none-eabi/13.3.1/thumb/v7-m/nofp/crtend.o
LOAD C:/ST/STM32CubeIDE_1.19.0/STM32CubeIDE/plugins/com.st.stm32cube.ide.mcu.externaltools.gnu-tools-for-stm32.13.3.rel1.win32_1.0.0.202411081344/tools/bin/../lib/gcc/arm-none-eabi/13.3.1/thumb/v7-m/nofp/crtn.o
                0x20005000                        _estack = (ORIGIN (RAM) + LENGTH (RAM))
                0x00000200                        _Min_Heap_Size = 0x200
                0x00000400                        _Min_Stack_Size = 0x400

.isr_vector     0x08000000      0x10c
                0x08000000                        . = ALIGN (0x4)
 *(.isr_vector)
 .isr_vector    0x08000000      0x10c ./Core/Startup/startup_stm32f103c8tx.o
                0x08000000                g_pfnVectors
                0x0800010c                        . = ALIGN (0x4)

.text           0x0800010c     0x4d74
                0x0800010c                        . = ALIGN (0x4)
 *(.text)
 .text          0x0800010c       0x40 C:/ST/STM32CubeIDE_1.19.0/STM32CubeIDE/plugins/com.st.stm32cube.ide.mcu.externaltools.gnu-tools-for-stm32.13.3.rel1.win32_1.0.0.202411081344/tools/bin/../lib/gcc/arm-none-eabi/13.3.1/thumb/v7-m/nofp/crtbegin.o
 .text          0x0800014c      0x21c C:/ST/STM32CubeIDE_1.19.0/STM32CubeIDE/plugins/com.st.stm32cube.ide.mcu.externaltools.gnu-tools-for-stm32.13.3.rel1.win32_1.0.0.202411081344/tools/bin/../lib/gcc/arm-none-eabi/13.3.1/thumb/v7-m/nofp\libgcc.a(_arm_addsubsf3.o)
                0x0800014c                __aeabi_frsub
                0x08000154                __subsf3
                0x08000154                __aeabi_fsub
                0x08000158                __aeabi_fadd
                0x08000158                __addsf3
                0x080002b8                __aeabi_ui2f
                0x080002b8                __floatunsisf
                0x080002c0                __aeabi_i2f
                0x080002c0                __floatsisf
                0x080002dc                __aeabi_ul2f
                0x080002dc                __floatundisf
                0x080002ec                __aeabi_l2f
                0x080002ec                __floatdisf
 .text          0x08000368      0x2a0 C:/ST/STM32CubeIDE_1.19.0/STM32CubeIDE/plugins/com.st.stm32cube.ide.mcu.externaltools.gnu-tools-for-stm32.13.3.rel1.win32_1.0.0.202411081344/tools/bin/../lib/gcc/arm-none-eabi/13.3.1/thumb/v7-m/nofp\libgcc.a(_arm_muldivsf3.o)
                0x08000368                __mulsf3
                0x08000368                __aeabi_fmul
                0x080004d0                __aeabi_fdiv
                0x080004d0                __divsf3
 .text          0x08000608       0xec C:/ST/STM32CubeIDE_1.19.0/STM32CubeIDE/plugins/com.st.stm32cube.ide.mcu.externaltools.gnu-tools-for-stm32.13.3.rel1.win32_1.0.0.202411081344/tools/bin/../lib/gcc/arm-none-eabi/13.3.1/thumb/v7-m/nofp\libgcc.a(_arm_cmpsf2.o)
                0x08000608                __gesf2
                0x08000608                __gtsf2
                0x08000610                __lesf2
                0x08000610                __ltsf2
                0x08000618                __nesf2
                0x08000618                __eqsf2
                0x08000618                __cmpsf2
                0x08000678                __aeabi_cfrcmple
                0x08000680                __aeabi_cfcmpeq
                0x08000680                __aeabi_cfcmple
                0x08000690                __aeabi_fcmpeq
                0x080006a4                __aeabi_fcmplt
                0x080006b8                __aeabi_fcmple
                0x080006cc                __aeabi_fcmpge
                0x080006e0                __aeabi_fcmpgt
 .text          0x080006f4       0x2c C:/ST/STM32CubeIDE_1.19.0/STM32CubeIDE/plugins/com.st.stm32cube.ide.mcu.externaltools.gnu-tools-for-stm32.13.3.rel1.win32_1.0.0.202411081344/tools/bin/../lib/gcc/arm-none-eabi/13.3.1/thumb/v7-m/nofp\libgcc.a(_arm_unordsf2.o)
                0x080006f4                __unordsf2
                0x080006f4                __aeabi_fcmpun
 .text          0x08000720       0x4c C:/ST/STM32CubeIDE_1.19.0/STM32CubeIDE/plugins/com.st.stm32cube.ide.mcu.externaltools.gnu-tools-for-stm32.13.3.rel1.win32_1.0.0.202411081344/tools/bin/../lib/gcc/arm-none-eabi/13.3.1/thumb/v7-m/nofp\libgcc.a(_arm_fixsfsi.o)
                0x08000720                __aeabi_f2iz
                0x08000720                __fixsfsi
 *(.text*)
 .text.UpdateDebugVariables
                0x0800076c      0x418 ./Core/Src/debug_vars.o
                0x0800076c                UpdateDebugVariables
 .text.ICM_SelectBank
                0x08000b84       0x48 ./Core/Src/icm20948.o
                0x08000b84                ICM_SelectBank
 .text.ICM_WriteReg
                0x08000bcc       0x60 ./Core/Src/icm20948.o
                0x08000bcc                ICM_WriteReg
 .text.ICM_ReadReg
                0x08000c2c       0x68 ./Core/Src/icm20948.o
                0x08000c2c                ICM_ReadReg
 .text.ICM_ReadRegs
                0x08000c94       0xc4 ./Core/Src/icm20948.o
                0x08000c94                ICM_ReadRegs
 .text.ICM_CalibrateGyro
                0x08000d58      0x17c ./Core/Src/icm20948.o
                0x08000d58                ICM_CalibrateGyro
 .text.ICM_Init
                0x08000ed4       0x94 ./Core/Src/icm20948.o
                0x08000ed4                ICM_Init
 .text.ICM_Read9Axis
                0x08000f68      0x254 ./Core/Src/icm20948.o
                0x08000f68                ICM_Read9Axis
 .text.LED_Update_Direction
                0x080011bc       0xf8 ./Core/Src/led_direction.o
                0x080011bc                LED_Update_Direction
 .text.Mag_SetCalibrated
                0x080012b4       0xa4 ./Core/Src/mag_ak09916.o
                0x080012b4                Mag_SetCalibrated
 .text.AK09916_WriteReg
                0x08001358       0x50 ./Core/Src/mag_ak09916.o
                0x08001358                AK09916_WriteReg
 .text.AK09916_Init
                0x080013a8       0x94 ./Core/Src/mag_ak09916.o
                0x080013a8                AK09916_Init
 .text.ICM_CalibrateMag
                0x0800143c      0x2d4 ./Core/Src/mag_ak09916.o
                0x0800143c                ICM_CalibrateMag
 .text.main     0x08001710       0xb0 ./Core/Src/main.o
                0x08001710                main
 .text.SystemClock_Config
                0x080017c0       0x76 ./Core/Src/main.o
                0x080017c0                SystemClock_Config
 *fill*         0x08001836        0x2 
 .text.MX_SPI2_Init
                0x08001838       0x6c ./Core/Src/main.o
 .text.MX_DMA_Init
                0x080018a4       0x4c ./Core/Src/main.o
 .text.MX_GPIO_Init
                0x080018f0      0x144 ./Core/Src/main.o
 .text.Error_Handler
                0x08001a34        0xc ./Core/Src/main.o
                0x08001a34                Error_Handler
 .text.UpdateStationaryState
                0x08001a40      0x168 ./Core/Src/stationary.o
                0x08001a40                UpdateStationaryState
 .text.HAL_MspInit
                0x08001ba8       0x64 ./Core/Src/stm32f1xx_hal_msp.o
                0x08001ba8                HAL_MspInit
 .text.HAL_SPI_MspInit
                0x08001c0c      0x154 ./Core/Src/stm32f1xx_hal_msp.o
                0x08001c0c                HAL_SPI_MspInit
 .text.NMI_Handler
                0x08001d60        0x8 ./Core/Src/stm32f1xx_it.o
                0x08001d60                NMI_Handler
 .text.HardFault_Handler
                0x08001d68        0x8 ./Core/Src/stm32f1xx_it.o
                0x08001d68                HardFault_Handler
 .text.MemManage_Handler
                0x08001d70        0x8 ./Core/Src/stm32f1xx_it.o
                0x08001d70                MemManage_Handler
 .text.BusFault_Handler
                0x08001d78        0x8 ./Core/Src/stm32f1xx_it.o
                0x08001d78                BusFault_Handler
 .text.UsageFault_Handler
                0x08001d80        0x8 ./Core/Src/stm32f1xx_it.o
                0x08001d80                UsageFault_Handler
 .text.SVC_Handler
                0x08001d88        0xc ./Core/Src/stm32f1xx_it.o
                0x08001d88                SVC_Handler
 .text.DebugMon_Handler
                0x08001d94        0xc ./Core/Src/stm32f1xx_it.o
                0x08001d94                DebugMon_Handler
 .text.PendSV_Handler
                0x08001da0        0xc ./Core/Src/stm32f1xx_it.o
                0x08001da0                PendSV_Handler
 .text.SysTick_Handler
                0x08001dac        0xc ./Core/Src/stm32f1xx_it.o
                0x08001dac                SysTick_Handler
 .text.DMA1_Channel4_IRQHandler
                0x08001db8       0x14 ./Core/Src/stm32f1xx_it.o
                0x08001db8                DMA1_Channel4_IRQHandler
 .text.DMA1_Channel5_IRQHandler
                0x08001dcc       0x14 ./Core/Src/stm32f1xx_it.o
                0x08001dcc                DMA1_Channel5_IRQHandler
 .text.SPI2_IRQHandler
                0x08001de0       0x14 ./Core/Src/stm32f1xx_it.o
                0x08001de0                SPI2_IRQHandler
 .text.SystemInit
                0x08001df4        0xc ./Core/Src/system_stm32f1xx.o
                0x08001df4                SystemInit
 .text.CalculateYaw
                0x08001e00      0x1c8 ./Core/Src/yaw_fusion.o
                0x08001e00                CalculateYaw
 .text.UpdateYaw
                0x08001fc8      0x154 ./Core/Src/yaw_fusion.o
                0x08001fc8                UpdateYaw
 .text.Reset_Handler
                0x0800211c       0x48 ./Core/Startup/startup_stm32f103c8tx.o
                0x0800211c                Reset_Handler
 .text.Default_Handler
                0x08002164        0x2 ./Core/Startup/startup_stm32f103c8tx.o
                0x08002164                RTC_Alarm_IRQHandler
                0x08002164                EXTI2_IRQHandler
                0x08002164                TIM1_CC_IRQHandler
                0x08002164                PVD_IRQHandler
                0x08002164                EXTI3_IRQHandler
                0x08002164                EXTI0_IRQHandler
                0x08002164                I2C2_EV_IRQHandler
                0x08002164                ADC1_2_IRQHandler
                0x08002164                SPI1_IRQHandler
                0x08002164                TAMPER_IRQHandler
                0x08002164                USART3_IRQHandler
                0x08002164                RTC_IRQHandler
                0x08002164                DMA1_Channel7_IRQHandler
                0x08002164                CAN1_RX1_IRQHandler
                0x08002164                TIM4_IRQHandler
                0x08002164                I2C1_EV_IRQHandler
                0x08002164                DMA1_Channel6_IRQHandler
                0x08002164                TIM3_IRQHandler
                0x08002164                RCC_IRQHandler
                0x08002164                TIM1_TRG_COM_IRQHandler
                0x08002164                DMA1_Channel1_IRQHandler
                0x08002164                Default_Handler
                0x08002164                EXTI15_10_IRQHandler
                0x08002164                EXTI9_5_IRQHandler
                0x08002164                EXTI4_IRQHandler
                0x08002164                USB_LP_CAN1_RX0_IRQHandler
                0x08002164                USB_HP_CAN1_TX_IRQHandler
                0x08002164                DMA1_Channel3_IRQHandler
                0x08002164                TIM1_UP_IRQHandler
                0x08002164                WWDG_IRQHandler
                0x08002164                TIM2_IRQHandler
                0x08002164                TIM1_BRK_IRQHandler
                0x08002164                EXTI1_IRQHandler
                0x08002164                USART2_IRQHandler
                0x08002164                I2C2_ER_IRQHandler
                0x08002164                DMA1_Channel2_IRQHandler
                0x08002164                CAN1_SCE_IRQHandler
                0x08002164                FLASH_IRQHandler
                0x08002164                USART1_IRQHandler
                0x08002164                I2C1_ER_IRQHandler
                0x08002164                USBWakeUp_IRQHandler
 *fill*         0x08002166        0x2 
 .text.HAL_Init
                0x08002168       0x2c ./Drivers/STM32F1xx_HAL_Driver/Src/stm32f1xx_hal.o
                0x08002168                HAL_Init
 .text.HAL_InitTick
                0x08002194       0x60 ./Drivers/STM32F1xx_HAL_Driver/Src/stm32f1xx_hal.o
                0x08002194                HAL_InitTick
 .text.HAL_IncTick
                0x080021f4       0x24 ./Drivers/STM32F1xx_HAL_Driver/Src/stm32f1xx_hal.o
                0x080021f4                HAL_IncTick
 .text.HAL_GetTick
                0x08002218       0x14 ./Drivers/STM32F1xx_HAL_Driver/Src/stm32f1xx_hal.o
                0x08002218                HAL_GetTick
 .text.HAL_Delay
                0x0800222c       0x48 ./Drivers/STM32F1xx_HAL_Driver/Src/stm32f1xx_hal.o
                0x0800222c                HAL_Delay
 .text.__NVIC_SetPriorityGrouping
                0x08002274       0x48 ./Drivers/STM32F1xx_HAL_Driver/Src/stm32f1xx_hal_cortex.o
 .text.__NVIC_GetPriorityGrouping
                0x080022bc       0x1c ./Drivers/STM32F1xx_HAL_Driver/Src/stm32f1xx_hal_cortex.o
 .text.__NVIC_EnableIRQ
                0x080022d8       0x38 ./Drivers/STM32F1xx_HAL_Driver/Src/stm32f1xx_hal_cortex.o
 .text.__NVIC_SetPriority
                0x08002310       0x54 ./Drivers/STM32F1xx_HAL_Driver/Src/stm32f1xx_hal_cortex.o
 .text.NVIC_EncodePriority
                0x08002364       0x64 ./Drivers/STM32F1xx_HAL_Driver/Src/stm32f1xx_hal_cortex.o
 .text.SysTick_Config
                0x080023c8       0x44 ./Drivers/STM32F1xx_HAL_Driver/Src/stm32f1xx_hal_cortex.o
 .text.HAL_NVIC_SetPriorityGrouping
                0x0800240c       0x16 ./Drivers/STM32F1xx_HAL_Driver/Src/stm32f1xx_hal_cortex.o
                0x0800240c                HAL_NVIC_SetPriorityGrouping
 .text.HAL_NVIC_SetPriority
                0x08002422       0x38 ./Drivers/STM32F1xx_HAL_Driver/Src/stm32f1xx_hal_cortex.o
                0x08002422                HAL_NVIC_SetPriority
 .text.HAL_NVIC_EnableIRQ
                0x0800245a       0x1c ./Drivers/STM32F1xx_HAL_Driver/Src/stm32f1xx_hal_cortex.o
                0x0800245a                HAL_NVIC_EnableIRQ
 .text.HAL_SYSTICK_Config
                0x08002476       0x18 ./Drivers/STM32F1xx_HAL_Driver/Src/stm32f1xx_hal_cortex.o
                0x08002476                HAL_SYSTICK_Config
 *fill*         0x0800248e        0x2 
 .text.HAL_DMA_Init
                0x08002490       0xb4 ./Drivers/STM32F1xx_HAL_Driver/Src/stm32f1xx_hal_dma.o
                0x08002490                HAL_DMA_Init
 .text.HAL_DMA_Abort_IT
                0x08002544       0xf0 ./Drivers/STM32F1xx_HAL_Driver/Src/stm32f1xx_hal_dma.o
                0x08002544                HAL_DMA_Abort_IT
 .text.HAL_DMA_IRQHandler
                0x08002634      0x20c ./Drivers/STM32F1xx_HAL_Driver/Src/stm32f1xx_hal_dma.o
                0x08002634                HAL_DMA_IRQHandler
 .text.HAL_GPIO_Init
                0x08002840      0x308 ./Drivers/STM32F1xx_HAL_Driver/Src/stm32f1xx_hal_gpio.o
                0x08002840                HAL_GPIO_Init
 .text.HAL_GPIO_WritePin
                0x08002b48       0x30 ./Drivers/STM32F1xx_HAL_Driver/Src/stm32f1xx_hal_gpio.o
                0x08002b48                HAL_GPIO_WritePin
 .text.HAL_GPIO_TogglePin
                0x08002b78       0x32 ./Drivers/STM32F1xx_HAL_Driver/Src/stm32f1xx_hal_gpio.o
                0x08002b78                HAL_GPIO_TogglePin
 *fill*         0x08002baa        0x2 
 .text.HAL_RCC_OscConfig
                0x08002bac      0x504 ./Drivers/STM32F1xx_HAL_Driver/Src/stm32f1xx_hal_rcc.o
                0x08002bac                HAL_RCC_OscConfig
 .text.HAL_RCC_ClockConfig
                0x080030b0      0x1d4 ./Drivers/STM32F1xx_HAL_Driver/Src/stm32f1xx_hal_rcc.o
                0x080030b0                HAL_RCC_ClockConfig
 .text.HAL_RCC_GetSysClockFreq
                0x08003284       0xa8 ./Drivers/STM32F1xx_HAL_Driver/Src/stm32f1xx_hal_rcc.o
                0x08003284                HAL_RCC_GetSysClockFreq
 .text.RCC_Delay
                0x0800332c       0x3c ./Drivers/STM32F1xx_HAL_Driver/Src/stm32f1xx_hal_rcc.o
 .text.HAL_SPI_Init
                0x08003368      0x108 ./Drivers/STM32F1xx_HAL_Driver/Src/stm32f1xx_hal_spi.o
                0x08003368                HAL_SPI_Init
 .text.HAL_SPI_Transmit
                0x08003470      0x288 ./Drivers/STM32F1xx_HAL_Driver/Src/stm32f1xx_hal_spi.o
                0x08003470                HAL_SPI_Transmit
 .text.HAL_SPI_TransmitReceive
                0x080036f8      0x352 ./Drivers/STM32F1xx_HAL_Driver/Src/stm32f1xx_hal_spi.o
                0x080036f8                HAL_SPI_TransmitReceive
 *fill*         0x08003a4a        0x2 
 .text.HAL_SPI_IRQHandler
                0x08003a4c      0x1cc ./Drivers/STM32F1xx_HAL_Driver/Src/stm32f1xx_hal_spi.o
                0x08003a4c                HAL_SPI_IRQHandler
 .text.HAL_SPI_ErrorCallback
                0x08003c18       0x12 ./Drivers/STM32F1xx_HAL_Driver/Src/stm32f1xx_hal_spi.o
                0x08003c18                HAL_SPI_ErrorCallback
 .text.SPI_DMAAbortOnError
                0x08003c2a       0x28 ./Drivers/STM32F1xx_HAL_Driver/Src/stm32f1xx_hal_spi.o
 *fill*         0x08003c52        0x2 
 .text.SPI_WaitFlagStateUntilTimeout
                0x08003c54      0x110 ./Drivers/STM32F1xx_HAL_Driver/Src/stm32f1xx_hal_spi.o
 .text.SPI_EndRxTxTransaction
                0x08003d64       0x62 ./Drivers/STM32F1xx_HAL_Driver/Src/stm32f1xx_hal_spi.o
 .text.memset   0x08003dc6       0x10 C:/ST/STM32CubeIDE_1.19.0/STM32CubeIDE/plugins/com.st.stm32cube.ide.mcu.externaltools.gnu-tools-for-stm32.13.3.rel1.win32_1.0.0.202411081344/tools/bin/../lib/gcc/arm-none-eabi/13.3.1/../../../../arm-none-eabi/lib/thumb/v7-m/nofp\libc_nano.a(libc_a-memset.o)
                0x08003dc6                memset
 *fill*         0x08003dd6        0x2 
 .text.__errno  0x08003dd8        0xc C:/ST/STM32CubeIDE_1.19.0/STM32CubeIDE/plugins/com.st.stm32cube.ide.mcu.externaltools.gnu-tools-for-stm32.13.3.rel1.win32_1.0.0.202411081344/tools/bin/../lib/gcc/arm-none-eabi/13.3.1/../../../../arm-none-eabi/lib/thumb/v7-m/nofp\libc_nano.a(libc_a-errno.o)
                0x08003dd8                __errno
 .text.__libc_init_array
                0x08003de4       0x48 C:/ST/STM32CubeIDE_1.19.0/STM32CubeIDE/plugins/com.st.stm32cube.ide.mcu.externaltools.gnu-tools-for-stm32.13.3.rel1.win32_1.0.0.202411081344/tools/bin/../lib/gcc/arm-none-eabi/13.3.1/../../../../arm-none-eabi/lib/thumb/v7-m/nofp\libc_nano.a(libc_a-init.o)
                0x08003de4                __libc_init_array
 .text.atan2f   0x08003e2c        0x4 C:/ST/STM32CubeIDE_1.19.0/STM32CubeIDE/plugins/com.st.stm32cube.ide.mcu.externaltools.gnu-tools-for-stm32.13.3.rel1.win32_1.0.0.202411081344/tools/bin/../lib/gcc/arm-none-eabi/13.3.1/../../../../arm-none-eabi/lib/thumb/v7-m/nofp\libm.a(libm_a-wf_atan2.o)
                0x08003e2c                atan2f
 .text.sqrtf    0x08003e30       0x34 C:/ST/STM32CubeIDE_1.19.0/STM32CubeIDE/plugins/com.st.stm32cube.ide.mcu.externaltools.gnu-tools-for-stm32.13.3.rel1.win32_1.0.0.202411081344/tools/bin/../lib/gcc/arm-none-eabi/13.3.1/../../../../arm-none-eabi/lib/thumb/v7-m/nofp\libm.a(libm_a-wf_sqrt.o)
                0x08003e30                sqrtf
 .text.cosf     0x08003e64       0x70 C:/ST/STM32CubeIDE_1.19.0/STM32CubeIDE/plugins/com.st.stm32cube.ide.mcu.externaltools.gnu-tools-for-stm32.13.3.rel1.win32_1.0.0.202411081344/tools/bin/../lib/gcc/arm-none-eabi/13.3.1/../../../../arm-none-eabi/lib/thumb/v7-m/nofp\libm.a(libm_a-sf_cos.o)
                0x08003e64                cosf
 .text.sinf     0x08003ed4       0x74 C:/ST/STM32CubeIDE_1.19.0/STM32CubeIDE/plugins/com.st.stm32cube.ide.mcu.externaltools.gnu-tools-for-stm32.13.3.rel1.win32_1.0.0.202411081344/tools/bin/../lib/gcc/arm-none-eabi/13.3.1/../../../../arm-none-eabi/lib/thumb/v7-m/nofp\libm.a(libm_a-sf_sin.o)
                0x08003ed4                sinf
 .text.__ieee754_sqrtf
                0x08003f48       0xe0 C:/ST/STM32CubeIDE_1.19.0/STM32CubeIDE/plugins/com.st.stm32cube.ide.mcu.externaltools.gnu-tools-for-stm32.13.3.rel1.win32_1.0.0.202411081344/tools/bin/../lib/gcc/arm-none-eabi/13.3.1/../../../../arm-none-eabi/lib/thumb/v7-m/nofp\libm.a(libm_a-ef_sqrt.o)
                0x08003f48                __ieee754_sqrtf
 .text.__kernel_cosf
                0x08004028      0x100 C:/ST/STM32CubeIDE_1.19.0/STM32CubeIDE/plugins/com.st.stm32cube.ide.mcu.externaltools.gnu-tools-for-stm32.13.3.rel1.win32_1.0.0.202411081344/tools/bin/../lib/gcc/arm-none-eabi/13.3.1/../../../../arm-none-eabi/lib/thumb/v7-m/nofp\libm.a(libm_a-kf_cos.o)
                0x08004028                __kernel_cosf
 .text.__kernel_sinf
                0x08004128       0xec C:/ST/STM32CubeIDE_1.19.0/STM32CubeIDE/plugins/com.st.stm32cube.ide.mcu.externaltools.gnu-tools-for-stm32.13.3.rel1.win32_1.0.0.202411081344/tools/bin/../lib/gcc/arm-none-eabi/13.3.1/../../../../arm-none-eabi/lib/thumb/v7-m/nofp\libm.a(libm_a-kf_sin.o)
                0x08004128                __kernel_sinf
 .text.__ieee754_atan2f
                0x08004214      0x110 C:/ST/STM32CubeIDE_1.19.0/STM32CubeIDE/plugins/com.st.stm32cube.ide.mcu.externaltools.gnu-tools-for-stm32.13.3.rel1.win32_1.0.0.202411081344/tools/bin/../lib/gcc/arm-none-eabi/13.3.1/../../../../arm-none-eabi/lib/thumb/v7-m/nofp\libm.a(libm_a-ef_atan2.o)
                0x08004214                __ieee754_atan2f
 .text.__ieee754_rem_pio2f
                0x08004324      0x2cc C:/ST/STM32CubeIDE_1.19.0/STM32CubeIDE/plugins/com.st.stm32cube.ide.mcu.externaltools.gnu-tools-for-stm32.13.3.rel1.win32_1.0.0.202411081344/tools/bin/../lib/gcc/arm-none-eabi/13.3.1/../../../../arm-none-eabi/lib/thumb/v7-m/nofp\libm.a(libm_a-ef_rem_pio2.o)
                0x08004324                __ieee754_rem_pio2f
 .text.atanf    0x080045f0      0x218 C:/ST/STM32CubeIDE_1.19.0/STM32CubeIDE/plugins/com.st.stm32cube.ide.mcu.externaltools.gnu-tools-for-stm32.13.3.rel1.win32_1.0.0.202411081344/tools/bin/../lib/gcc/arm-none-eabi/13.3.1/../../../../arm-none-eabi/lib/thumb/v7-m/nofp\libm.a(libm_a-sf_atan.o)
                0x080045f0                atanf
 .text.fabsf    0x08004808        0x6 C:/ST/STM32CubeIDE_1.19.0/STM32CubeIDE/plugins/com.st.stm32cube.ide.mcu.externaltools.gnu-tools-for-stm32.13.3.rel1.win32_1.0.0.202411081344/tools/bin/../lib/gcc/arm-none-eabi/13.3.1/../../../../arm-none-eabi/lib/thumb/v7-m/nofp\libm.a(libm_a-sf_fabs.o)
                0x08004808                fabsf
 *fill*         0x0800480e        0x2 
 .text.__kernel_rem_pio2f
                0x08004810      0x53c C:/ST/STM32CubeIDE_1.19.0/STM32CubeIDE/plugins/com.st.stm32cube.ide.mcu.externaltools.gnu-tools-for-stm32.13.3.rel1.win32_1.0.0.202411081344/tools/bin/../lib/gcc/arm-none-eabi/13.3.1/../../../../arm-none-eabi/lib/thumb/v7-m/nofp\libm.a(libm_a-kf_rem_pio2.o)
                0x08004810                __kernel_rem_pio2f
 .text.scalbnf  0x08004d4c       0x98 C:/ST/STM32CubeIDE_1.19.0/STM32CubeIDE/plugins/com.st.stm32cube.ide.mcu.externaltools.gnu-tools-for-stm32.13.3.rel1.win32_1.0.0.202411081344/tools/bin/../lib/gcc/arm-none-eabi/13.3.1/../../../../arm-none-eabi/lib/thumb/v7-m/nofp\libm.a(libm_a-sf_scalbn.o)
                0x08004d4c                scalbnf
 .text.floorf   0x08004de4       0x84 C:/ST/STM32CubeIDE_1.19.0/STM32CubeIDE/plugins/com.st.stm32cube.ide.mcu.externaltools.gnu-tools-for-stm32.13.3.rel1.win32_1.0.0.202411081344/tools/bin/../lib/gcc/arm-none-eabi/13.3.1/../../../../arm-none-eabi/lib/thumb/v7-m/nofp\libm.a(libm_a-sf_floor.o)
                0x08004de4                floorf
 *(.glue_7)
 .glue_7        0x08004e68        0x0 linker stubs
 *(.glue_7t)
 .glue_7t       0x08004e68        0x0 linker stubs
 *(.eh_frame)
 .eh_frame      0x08004e68        0x0 C:/ST/STM32CubeIDE_1.19.0/STM32CubeIDE/plugins/com.st.stm32cube.ide.mcu.externaltools.gnu-tools-for-stm32.13.3.rel1.win32_1.0.0.202411081344/tools/bin/../lib/gcc/arm-none-eabi/13.3.1/thumb/v7-m/nofp/crtbegin.o
 *(.init)
 .init          0x08004e68        0x4 C:/ST/STM32CubeIDE_1.19.0/STM32CubeIDE/plugins/com.st.stm32cube.ide.mcu.externaltools.gnu-tools-for-stm32.13.3.rel1.win32_1.0.0.202411081344/tools/bin/../lib/gcc/arm-none-eabi/13.3.1/thumb/v7-m/nofp/crti.o
                0x08004e68                _init
 .init          0x08004e6c        0x8 C:/ST/STM32CubeIDE_1.19.0/STM32CubeIDE/plugins/com.st.stm32cube.ide.mcu.externaltools.gnu-tools-for-stm32.13.3.rel1.win32_1.0.0.202411081344/tools/bin/../lib/gcc/arm-none-eabi/13.3.1/thumb/v7-m/nofp/crtn.o
 *(.fini)
 .fini          0x08004e74        0x4 C:/ST/STM32CubeIDE_1.19.0/STM32CubeIDE/plugins/com.st.stm32cube.ide.mcu.externaltools.gnu-tools-for-stm32.13.3.rel1.win32_1.0.0.202411081344/tools/bin/../lib/gcc/arm-none-eabi/13.3.1/thumb/v7-m/nofp/crti.o
                0x08004e74                _fini
 .fini          0x08004e78        0x8 C:/ST/STM32CubeIDE_1.19.0/STM32CubeIDE/plugins/com.st.stm32cube.ide.mcu.externaltools.gnu-tools-for-stm32.13.3.rel1.win32_1.0.0.202411081344/tools/bin/../lib/gcc/arm-none-eabi/13.3.1/thumb/v7-m/nofp/crtn.o
                0x08004e80                        . = ALIGN (0x4)
                0x08004e80                        _etext = .

.vfp11_veneer   0x08004e80        0x0
 .vfp11_veneer  0x08004e80        0x0 linker stubs

.v4_bx          0x08004e80        0x0
 .v4_bx         0x08004e80        0x0 linker stubs

.iplt           0x08004e80        0x0
 .iplt          0x08004e80        0x0 C:/ST/STM32CubeIDE_1.19.0/STM32CubeIDE/plugins/com.st.stm32cube.ide.mcu.externaltools.gnu-tools-for-stm32.13.3.rel1.win32_1.0.0.202411081344/tools/bin/../lib/gcc/arm-none-eabi/13.3.1/thumb/v7-m/nofp/crtbegin.o

.rodata         0x08004e80      0x44c
                0x08004e80                        . = ALIGN (0x4)
 *(.rodata)
 .rodata        0x08004e80       0x18 ./Core/Src/mag_ak09916.o
 *(.rodata*)
 .rodata.AHBPrescTable
                0x08004e98       0x10 ./Core/Src/system_stm32f1xx.o
                0x08004e98                AHBPrescTable
 .rodata.aPLLMULFactorTable.1
                0x08004ea8       0x10 ./Drivers/STM32F1xx_HAL_Driver/Src/stm32f1xx_hal_rcc.o
 .rodata.aPredivFactorTable.0
                0x08004eb8        0x2 ./Drivers/STM32F1xx_HAL_Driver/Src/stm32f1xx_hal_rcc.o
 *fill*         0x08004eba        0x2 
 .rodata.tiny   0x08004ebc        0x4 C:/ST/STM32CubeIDE_1.19.0/STM32CubeIDE/plugins/com.st.stm32cube.ide.mcu.externaltools.gnu-tools-for-stm32.13.3.rel1.win32_1.0.0.202411081344/tools/bin/../lib/gcc/arm-none-eabi/13.3.1/../../../../arm-none-eabi/lib/thumb/v7-m/nofp\libm.a(libm_a-ef_sqrt.o)
 .rodata.one    0x08004ec0        0x4 C:/ST/STM32CubeIDE_1.19.0/STM32CubeIDE/plugins/com.st.stm32cube.ide.mcu.externaltools.gnu-tools-for-stm32.13.3.rel1.win32_1.0.0.202411081344/tools/bin/../lib/gcc/arm-none-eabi/13.3.1/../../../../arm-none-eabi/lib/thumb/v7-m/nofp\libm.a(libm_a-ef_sqrt.o)
 .rodata.CSWTCH.9
                0x08004ec4        0xc C:/ST/STM32CubeIDE_1.19.0/STM32CubeIDE/plugins/com.st.stm32cube.ide.mcu.externaltools.gnu-tools-for-stm32.13.3.rel1.win32_1.0.0.202411081344/tools/bin/../lib/gcc/arm-none-eabi/13.3.1/../../../../arm-none-eabi/lib/thumb/v7-m/nofp\libm.a(libm_a-ef_atan2.o)
 .rodata.CSWTCH.8
                0x08004ed0        0xc C:/ST/STM32CubeIDE_1.19.0/STM32CubeIDE/plugins/com.st.stm32cube.ide.mcu.externaltools.gnu-tools-for-stm32.13.3.rel1.win32_1.0.0.202411081344/tools/bin/../lib/gcc/arm-none-eabi/13.3.1/../../../../arm-none-eabi/lib/thumb/v7-m/nofp\libm.a(libm_a-ef_atan2.o)
 .rodata.npio2_hw
                0x08004edc       0x80 C:/ST/STM32CubeIDE_1.19.0/STM32CubeIDE/plugins/com.st.stm32cube.ide.mcu.externaltools.gnu-tools-for-stm32.13.3.rel1.win32_1.0.0.202411081344/tools/bin/../lib/gcc/arm-none-eabi/13.3.1/../../../../arm-none-eabi/lib/thumb/v7-m/nofp\libm.a(libm_a-ef_rem_pio2.o)
 .rodata.two_over_pi
                0x08004f5c      0x318 C:/ST/STM32CubeIDE_1.19.0/STM32CubeIDE/plugins/com.st.stm32cube.ide.mcu.externaltools.gnu-tools-for-stm32.13.3.rel1.win32_1.0.0.202411081344/tools/bin/../lib/gcc/arm-none-eabi/13.3.1/../../../../arm-none-eabi/lib/thumb/v7-m/nofp\libm.a(libm_a-ef_rem_pio2.o)
 .rodata.atanlo
                0x08005274       0x10 C:/ST/STM32CubeIDE_1.19.0/STM32CubeIDE/plugins/com.st.stm32cube.ide.mcu.externaltools.gnu-tools-for-stm32.13.3.rel1.win32_1.0.0.202411081344/tools/bin/../lib/gcc/arm-none-eabi/13.3.1/../../../../arm-none-eabi/lib/thumb/v7-m/nofp\libm.a(libm_a-sf_atan.o)
 .rodata.atanhi
                0x08005284       0x10 C:/ST/STM32CubeIDE_1.19.0/STM32CubeIDE/plugins/com.st.stm32cube.ide.mcu.externaltools.gnu-tools-for-stm32.13.3.rel1.win32_1.0.0.202411081344/tools/bin/../lib/gcc/arm-none-eabi/13.3.1/../../../../arm-none-eabi/lib/thumb/v7-m/nofp\libm.a(libm_a-sf_atan.o)
 .rodata.PIo2   0x08005294       0x2c C:/ST/STM32CubeIDE_1.19.0/STM32CubeIDE/plugins/com.st.stm32cube.ide.mcu.externaltools.gnu-tools-for-stm32.13.3.rel1.win32_1.0.0.202411081344/tools/bin/../lib/gcc/arm-none-eabi/13.3.1/../../../../arm-none-eabi/lib/thumb/v7-m/nofp\libm.a(libm_a-kf_rem_pio2.o)
 .rodata.init_jk
                0x080052c0        0xc C:/ST/STM32CubeIDE_1.19.0/STM32CubeIDE/plugins/com.st.stm32cube.ide.mcu.externaltools.gnu-tools-for-stm32.13.3.rel1.win32_1.0.0.202411081344/tools/bin/../lib/gcc/arm-none-eabi/13.3.1/../../../../arm-none-eabi/lib/thumb/v7-m/nofp\libm.a(libm_a-kf_rem_pio2.o)
                0x080052cc                        . = ALIGN (0x4)

.ARM.extab      0x080052cc        0x0
                0x080052cc                        . = ALIGN (0x4)
 *(.ARM.extab* .gnu.linkonce.armextab.*)
                0x080052cc                        . = ALIGN (0x4)

.ARM            0x080052cc        0x0
                0x080052cc                        . = ALIGN (0x4)
                0x080052cc                        __exidx_start = .
 *(.ARM.exidx*)
                0x080052cc                        __exidx_end = .
                0x080052cc                        . = ALIGN (0x4)

.preinit_array  0x080052cc        0x0
                0x080052cc                        . = ALIGN (0x4)
                0x080052cc                        PROVIDE (__preinit_array_start = .)
 *(.preinit_array*)
                0x080052cc                        PROVIDE (__preinit_array_end = .)
                0x080052cc                        . = ALIGN (0x4)

.init_array     0x080052cc        0x4
                0x080052cc                        . = ALIGN (0x4)
                0x080052cc                        PROVIDE (__init_array_start = .)
 *(SORT_BY_NAME(.init_array.*))
 *(.init_array*)
 .init_array    0x080052cc        0x4 C:/ST/STM32CubeIDE_1.19.0/STM32CubeIDE/plugins/com.st.stm32cube.ide.mcu.externaltools.gnu-tools-for-stm32.13.3.rel1.win32_1.0.0.202411081344/tools/bin/../lib/gcc/arm-none-eabi/13.3.1/thumb/v7-m/nofp/crtbegin.o
                0x080052d0                        PROVIDE (__init_array_end = .)
                0x080052d0                        . = ALIGN (0x4)

.fini_array     0x080052d0        0x4
                0x080052d0                        . = ALIGN (0x4)
                [!provide]                        PROVIDE (__fini_array_start = .)
 *(SORT_BY_NAME(.fini_array.*))
 *(.fini_array*)
 .fini_array    0x080052d0        0x4 C:/ST/STM32CubeIDE_1.19.0/STM32CubeIDE/plugins/com.st.stm32cube.ide.mcu.externaltools.gnu-tools-for-stm32.13.3.rel1.win32_1.0.0.202411081344/tools/bin/../lib/gcc/arm-none-eabi/13.3.1/thumb/v7-m/nofp/crtbegin.o
                [!provide]                        PROVIDE (__fini_array_end = .)
                0x080052d4                        . = ALIGN (0x4)
                0x080052d4                        _sidata = LOADADDR (.data)

.rel.dyn        0x080052d4        0x0
 .rel.iplt      0x080052d4        0x0 C:/ST/STM32CubeIDE_1.19.0/STM32CubeIDE/plugins/com.st.stm32cube.ide.mcu.externaltools.gnu-tools-for-stm32.13.3.rel1.win32_1.0.0.202411081344/tools/bin/../lib/gcc/arm-none-eabi/13.3.1/thumb/v7-m/nofp/crtbegin.o

.data           0x20000000       0x6c load address 0x080052d4
                0x20000000                        . = ALIGN (0x4)
                0x20000000                        _sdata = .
 *(.data)
 *(.data*)
 .data.mag_x_scale
                0x20000000        0x4 ./Core/Src/mag_ak09916.o
                0x20000000                mag_x_scale
 .data.mag_y_scale
                0x20000004        0x4 ./Core/Src/mag_ak09916.o
                0x20000004                mag_y_scale
 .data.mag_z_scale
                0x20000008        0x4 ./Core/Src/mag_ak09916.o
                0x20000008                mag_z_scale
 .data.SystemCoreClock
                0x2000000c        0x4 ./Core/Src/system_stm32f1xx.o
                0x2000000c                SystemCoreClock
 .data.yaw_first_run
                0x20000010        0x1 ./Core/Src/yaw_fusion.o
                0x20000010                yaw_first_run
 *fill*         0x20000011        0x3 
 .data.uwTickPrio
                0x20000014        0x4 ./Drivers/STM32F1xx_HAL_Driver/Src/stm32f1xx_hal.o
                0x20000014                uwTickPrio
 .data.uwTickFreq
                0x20000018        0x1 ./Drivers/STM32F1xx_HAL_Driver/Src/stm32f1xx_hal.o
                0x20000018                uwTickFreq
 *fill*         0x20000019        0x3 
 .data._impure_ptr
                0x2000001c        0x4 C:/ST/STM32CubeIDE_1.19.0/STM32CubeIDE/plugins/com.st.stm32cube.ide.mcu.externaltools.gnu-tools-for-stm32.13.3.rel1.win32_1.0.0.202411081344/tools/bin/../lib/gcc/arm-none-eabi/13.3.1/../../../../arm-none-eabi/lib/thumb/v7-m/nofp\libc_nano.a(libc_a-impure.o)
                0x2000001c                _impure_ptr
 .data._impure_data
                0x20000020       0x4c C:/ST/STM32CubeIDE_1.19.0/STM32CubeIDE/plugins/com.st.stm32cube.ide.mcu.externaltools.gnu-tools-for-stm32.13.3.rel1.win32_1.0.0.202411081344/tools/bin/../lib/gcc/arm-none-eabi/13.3.1/../../../../arm-none-eabi/lib/thumb/v7-m/nofp\libc_nano.a(libc_a-impure.o)
                0x20000020                _impure_data
 *(.RamFunc)
 *(.RamFunc*)
                0x2000006c                        . = ALIGN (0x4)
                0x2000006c                        _edata = .

.igot.plt       0x2000006c        0x0 load address 0x08005340
 .igot.plt      0x2000006c        0x0 C:/ST/STM32CubeIDE_1.19.0/STM32CubeIDE/plugins/com.st.stm32cube.ide.mcu.externaltools.gnu-tools-for-stm32.13.3.rel1.win32_1.0.0.202411081344/tools/bin/../lib/gcc/arm-none-eabi/13.3.1/thumb/v7-m/nofp/crtbegin.o
                0x2000006c                        . = ALIGN (0x4)

.bss            0x2000006c      0x2ec load address 0x08005340
                0x2000006c                        _sbss = .
                0x2000006c                        __bss_start__ = _sbss
 *(.bss)
 .bss           0x2000006c       0x1c C:/ST/STM32CubeIDE_1.19.0/STM32CubeIDE/plugins/com.st.stm32cube.ide.mcu.externaltools.gnu-tools-for-stm32.13.3.rel1.win32_1.0.0.202411081344/tools/bin/../lib/gcc/arm-none-eabi/13.3.1/thumb/v7-m/nofp/crtbegin.o
 *(.bss*)
 .bss.dbg_ax    0x20000088        0x4 ./Core/Src/debug_vars.o
                0x20000088                dbg_ax
 .bss.dbg_ay    0x2000008c        0x4 ./Core/Src/debug_vars.o
                0x2000008c                dbg_ay
 .bss.dbg_az    0x20000090        0x4 ./Core/Src/debug_vars.o
                0x20000090                dbg_az
 .bss.dbg_gx    0x20000094        0x4 ./Core/Src/debug_vars.o
                0x20000094                dbg_gx
 .bss.dbg_gy    0x20000098        0x4 ./Core/Src/debug_vars.o
                0x20000098                dbg_gy
 .bss.dbg_gz    0x2000009c        0x4 ./Core/Src/debug_vars.o
                0x2000009c                dbg_gz
 .bss.dbg_mx    0x200000a0        0x4 ./Core/Src/debug_vars.o
                0x200000a0                dbg_mx
 .bss.dbg_my    0x200000a4        0x4 ./Core/Src/debug_vars.o
                0x200000a4                dbg_my
 .bss.dbg_mz    0x200000a8        0x4 ./Core/Src/debug_vars.o
                0x200000a8                dbg_mz
 .bss.dbg_gx_bias
                0x200000ac        0x4 ./Core/Src/debug_vars.o
                0x200000ac                dbg_gx_bias
 .bss.dbg_gy_bias
                0x200000b0        0x4 ./Core/Src/debug_vars.o
                0x200000b0                dbg_gy_bias
 .bss.dbg_gz_bias
                0x200000b4        0x4 ./Core/Src/debug_vars.o
                0x200000b4                dbg_gz_bias
 .bss.dbg_yaw   0x200000b8        0x4 ./Core/Src/debug_vars.o
                0x200000b8                dbg_yaw
 .bss.dbg_yaw_comp
                0x200000bc        0x4 ./Core/Src/debug_vars.o
                0x200000bc                dbg_yaw_comp
 .bss.dbg_yaw_fused
                0x200000c0        0x4 ./Core/Src/debug_vars.o
                0x200000c0                dbg_yaw_fused
 .bss.dbg_roll  0x200000c4        0x4 ./Core/Src/debug_vars.o
                0x200000c4                dbg_roll
 .bss.dbg_pitch
                0x200000c8        0x4 ./Core/Src/debug_vars.o
                0x200000c8                dbg_pitch
 .bss.dbg_gyro_mag
                0x200000cc        0x4 ./Core/Src/debug_vars.o
                0x200000cc                dbg_gyro_mag
 .bss.dbg_accel_mag
                0x200000d0        0x4 ./Core/Src/debug_vars.o
                0x200000d0                dbg_accel_mag
 .bss.ax        0x200000d4        0x4 ./Core/Src/icm20948.o
                0x200000d4                ax
 .bss.ay        0x200000d8        0x4 ./Core/Src/icm20948.o
                0x200000d8                ay
 .bss.az        0x200000dc        0x4 ./Core/Src/icm20948.o
                0x200000dc                az
 .bss.gx        0x200000e0        0x4 ./Core/Src/icm20948.o
                0x200000e0                gx
 .bss.gy        0x200000e4        0x4 ./Core/Src/icm20948.o
                0x200000e4                gy
 .bss.gz        0x200000e8        0x4 ./Core/Src/icm20948.o
                0x200000e8                gz
 .bss.gx_bias   0x200000ec        0x4 ./Core/Src/icm20948.o
                0x200000ec                gx_bias
 .bss.gy_bias   0x200000f0        0x4 ./Core/Src/icm20948.o
                0x200000f0                gy_bias
 .bss.gz_bias   0x200000f4        0x4 ./Core/Src/icm20948.o
                0x200000f4                gz_bias
 .bss.mag_raw   0x200000f8        0x9 ./Core/Src/icm20948.o
                0x200000f8                mag_raw
 .bss.debug_st1
                0x20000101        0x1 ./Core/Src/icm20948.o
                0x20000101                debug_st1
 .bss.debug_st2
                0x20000102        0x1 ./Core/Src/icm20948.o
                0x20000102                debug_st2
 *fill*         0x20000103        0x1 
 .bss.mx        0x20000104        0x4 ./Core/Src/mag_ak09916.o
                0x20000104                mx
 .bss.my        0x20000108        0x4 ./Core/Src/mag_ak09916.o
                0x20000108                my
 .bss.mz        0x2000010c        0x4 ./Core/Src/mag_ak09916.o
                0x2000010c                mz
 .bss.mag_x_bias
                0x20000110        0x4 ./Core/Src/mag_ak09916.o
                0x20000110                mag_x_bias
 .bss.mag_y_bias
                0x20000114        0x4 ./Core/Src/mag_ak09916.o
                0x20000114                mag_y_bias
 .bss.mag_z_bias
                0x20000118        0x4 ./Core/Src/mag_ak09916.o
                0x20000118                mag_z_bias
 .bss.hspi2     0x2000011c       0x58 ./Core/Src/main.o
                0x2000011c                hspi2
 .bss.hdma_spi2_rx
                0x20000174       0x44 ./Core/Src/main.o
                0x20000174                hdma_spi2_rx
 .bss.hdma_spi2_tx
                0x200001b8       0x44 ./Core/Src/main.o
                0x200001b8                hdma_spi2_tx
 .bss.is_stationary
                0x200001fc        0x1 ./Core/Src/stationary.o
                0x200001fc                is_stationary
 *fill*         0x200001fd        0x1 
 .bss.stationary_counter
                0x200001fe        0x2 ./Core/Src/stationary.o
                0x200001fe                stationary_counter
 .bss.gyro_magnitude
                0x20000200        0x4 ./Core/Src/stationary.o
                0x20000200                gyro_magnitude
 .bss.accel_magnitude
                0x20000204        0x4 ./Core/Src/stationary.o
                0x20000204                accel_magnitude
 .bss.roll      0x20000208        0x4 ./Core/Src/yaw_fusion.o
                0x20000208                roll
 .bss.pitch     0x2000020c        0x4 ./Core/Src/yaw_fusion.o
                0x2000020c                pitch
 .bss.yaw       0x20000210        0x4 ./Core/Src/yaw_fusion.o
                0x20000210                yaw
 .bss.yaw_compass
                0x20000214        0x4 ./Core/Src/yaw_fusion.o
                0x20000214                yaw_compass
 .bss.yaw_fused
                0x20000218        0x4 ./Core/Src/yaw_fusion.o
                0x20000218                yaw_fused
 .bss.uwTick    0x2000021c        0x4 ./Drivers/STM32F1xx_HAL_Driver/Src/stm32f1xx_hal.o
                0x2000021c                uwTick
 .bss.__sf      0x20000220      0x138 C:/ST/STM32CubeIDE_1.19.0/STM32CubeIDE/plugins/com.st.stm32cube.ide.mcu.externaltools.gnu-tools-for-stm32.13.3.rel1.win32_1.0.0.202411081344/tools/bin/../lib/gcc/arm-none-eabi/13.3.1/../../../../arm-none-eabi/lib/thumb/v7-m/nofp\libc_nano.a(libc_a-findfp.o)
                0x20000220                __sf
 *(COMMON)
                0x20000358                        . = ALIGN (0x4)
                0x20000358                        _ebss = .
                0x20000358                        __bss_end__ = _ebss

._user_heap_stack
                0x20000358      0x600 load address 0x08005340
                0x20000358                        . = ALIGN (0x8)
                [!provide]                        PROVIDE (end = .)
                0x20000358                        PROVIDE (_end = .)
                0x20000558                        . = (. + _Min_Heap_Size)
 *fill*         0x20000358      0x200 
                0x20000958                        . = (. + _Min_Stack_Size)
 *fill*         0x20000558      0x400 
                0x20000958                        . = ALIGN (0x8)

/DISCARD/
 libc.a(*)
 libm.a(*)
 libgcc.a(*)

.ARM.attributes
                0x00000000       0x29
 *(.ARM.attributes)
 .ARM.attributes
                0x00000000       0x1d C:/ST/STM32CubeIDE_1.19.0/STM32CubeIDE/plugins/com.st.stm32cube.ide.mcu.externaltools.gnu-tools-for-stm32.13.3.rel1.win32_1.0.0.202411081344/tools/bin/../lib/gcc/arm-none-eabi/13.3.1/thumb/v7-m/nofp/crti.o
 .ARM.attributes
                0x0000001d       0x2d C:/ST/STM32CubeIDE_1.19.0/STM32CubeIDE/plugins/com.st.stm32cube.ide.mcu.externaltools.gnu-tools-for-stm32.13.3.rel1.win32_1.0.0.202411081344/tools/bin/../lib/gcc/arm-none-eabi/13.3.1/thumb/v7-m/nofp/crtbegin.o
 .ARM.attributes
                0x0000004a       0x2d ./Core/Src/debug_vars.o
 .ARM.attributes
                0x00000077       0x2d ./Core/Src/icm20948.o
 .ARM.attributes
                0x000000a4       0x2d ./Core/Src/led_direction.o
 .ARM.attributes
                0x000000d1       0x2d ./Core/Src/mag_ak09916.o
 .ARM.attributes
                0x000000fe       0x2d ./Core/Src/main.o
 .ARM.attributes
                0x0000012b       0x2d ./Core/Src/stationary.o
 .ARM.attributes
                0x00000158       0x2d ./Core/Src/stm32f1xx_hal_msp.o
 .ARM.attributes
                0x00000185       0x2d ./Core/Src/stm32f1xx_it.o
 .ARM.attributes
                0x000001b2       0x2d ./Core/Src/system_stm32f1xx.o
 .ARM.attributes
                0x000001df       0x2d ./Core/Src/yaw_fusion.o
 .ARM.attributes
                0x0000020c       0x21 ./Core/Startup/startup_stm32f103c8tx.o
 .ARM.attributes
                0x0000022d       0x2d ./Drivers/STM32F1xx_HAL_Driver/Src/stm32f1xx_hal.o
 .ARM.attributes
                0x0000025a       0x2d ./Drivers/STM32F1xx_HAL_Driver/Src/stm32f1xx_hal_cortex.o
 .ARM.attributes
                0x00000287       0x2d ./Drivers/STM32F1xx_HAL_Driver/Src/stm32f1xx_hal_dma.o
 .ARM.attributes
                0x000002b4       0x2d ./Drivers/STM32F1xx_HAL_Driver/Src/stm32f1xx_hal_gpio.o
 .ARM.attributes
                0x000002e1       0x2d ./Drivers/STM32F1xx_HAL_Driver/Src/stm32f1xx_hal_rcc.o
 .ARM.attributes
                0x0000030e       0x2d ./Drivers/STM32F1xx_HAL_Driver/Src/stm32f1xx_hal_spi.o
 .ARM.attributes
                0x0000033b       0x2d C:/ST/STM32CubeIDE_1.19.0/STM32CubeIDE/plugins/com.st.stm32cube.ide.mcu.externaltools.gnu-tools-for-stm32.13.3.rel1.win32_1.0.0.202411081344/tools/bin/../lib/gcc/arm-none-eabi/13.3.1/../../../../arm-none-eabi/lib/thumb/v7-m/nofp\libc_nano.a(libc_a-findfp.o)
 .ARM.attributes
                0x00000368       0x2d C:/ST/STM32CubeIDE_1.19.0/STM32CubeIDE/plugins/com.st.stm32cube.ide.mcu.externaltools.gnu-tools-for-stm32.13.3.rel1.win32_1.0.0.202411081344/tools/bin/../lib/gcc/arm-none-eabi/13.3.1/../../../../arm-none-eabi/lib/thumb/v7-m/nofp\libc_nano.a(libc_a-memset.o)
 .ARM.attributes
                0x00000395       0x2d C:/ST/STM32CubeIDE_1.19.0/STM32CubeIDE/plugins/com.st.stm32cube.ide.mcu.externaltools.gnu-tools-for-stm32.13.3.rel1.win32_1.0.0.202411081344/tools/bin/../lib/gcc/arm-none-eabi/13.3.1/../../../../arm-none-eabi/lib/thumb/v7-m/nofp\libc_nano.a(libc_a-impure.o)
 .ARM.attributes
                0x000003c2       0x2d C:/ST/STM32CubeIDE_1.19.0/STM32CubeIDE/plugins/com.st.stm32cube.ide.mcu.externaltools.gnu-tools-for-stm32.13.3.rel1.win32_1.0.0.202411081344/tools/bin/../lib/gcc/arm-none-eabi/13.3.1/../../../../arm-none-eabi/lib/thumb/v7-m/nofp\libc_nano.a(libc_a-errno.o)
 .ARM.attributes
                0x000003ef       0x2d C:/ST/STM32CubeIDE_1.19.0/STM32CubeIDE/plugins/com.st.stm32cube.ide.mcu.externaltools.gnu-tools-for-stm32.13.3.rel1.win32_1.0.0.202411081344/tools/bin/../lib/gcc/arm-none-eabi/13.3.1/../../../../arm-none-eabi/lib/thumb/v7-m/nofp\libc_nano.a(libc_a-init.o)
 .ARM.attributes
                0x0000041c       0x2d C:/ST/STM32CubeIDE_1.19.0/STM32CubeIDE/plugins/com.st.stm32cube.ide.mcu.externaltools.gnu-tools-for-stm32.13.3.rel1.win32_1.0.0.202411081344/tools/bin/../lib/gcc/arm-none-eabi/13.3.1/../../../../arm-none-eabi/lib/thumb/v7-m/nofp\libm.a(libm_a-wf_atan2.o)
 .ARM.attributes
                0x00000449       0x2d C:/ST/STM32CubeIDE_1.19.0/STM32CubeIDE/plugins/com.st.stm32cube.ide.mcu.externaltools.gnu-tools-for-stm32.13.3.rel1.win32_1.0.0.202411081344/tools/bin/../lib/gcc/arm-none-eabi/13.3.1/../../../../arm-none-eabi/lib/thumb/v7-m/nofp\libm.a(libm_a-wf_sqrt.o)
 .ARM.attributes
                0x00000476       0x2d C:/ST/STM32CubeIDE_1.19.0/STM32CubeIDE/plugins/com.st.stm32cube.ide.mcu.externaltools.gnu-tools-for-stm32.13.3.rel1.win32_1.0.0.202411081344/tools/bin/../lib/gcc/arm-none-eabi/13.3.1/../../../../arm-none-eabi/lib/thumb/v7-m/nofp\libm.a(libm_a-sf_cos.o)
 .ARM.attributes
                0x000004a3       0x2d C:/ST/STM32CubeIDE_1.19.0/STM32CubeIDE/plugins/com.st.stm32cube.ide.mcu.externaltools.gnu-tools-for-stm32.13.3.rel1.win32_1.0.0.202411081344/tools/bin/../lib/gcc/arm-none-eabi/13.3.1/../../../../arm-none-eabi/lib/thumb/v7-m/nofp\libm.a(libm_a-sf_sin.o)
 .ARM.attributes
                0x000004d0       0x2d C:/ST/STM32CubeIDE_1.19.0/STM32CubeIDE/plugins/com.st.stm32cube.ide.mcu.externaltools.gnu-tools-for-stm32.13.3.rel1.win32_1.0.0.202411081344/tools/bin/../lib/gcc/arm-none-eabi/13.3.1/../../../../arm-none-eabi/lib/thumb/v7-m/nofp\libm.a(libm_a-ef_sqrt.o)
 .ARM.attributes
                0x000004fd       0x2d C:/ST/STM32CubeIDE_1.19.0/STM32CubeIDE/plugins/com.st.stm32cube.ide.mcu.externaltools.gnu-tools-for-stm32.13.3.rel1.win32_1.0.0.202411081344/tools/bin/../lib/gcc/arm-none-eabi/13.3.1/../../../../arm-none-eabi/lib/thumb/v7-m/nofp\libm.a(libm_a-kf_cos.o)
 .ARM.attributes
                0x0000052a       0x2d C:/ST/STM32CubeIDE_1.19.0/STM32CubeIDE/plugins/com.st.stm32cube.ide.mcu.externaltools.gnu-tools-for-stm32.13.3.rel1.win32_1.0.0.202411081344/tools/bin/../lib/gcc/arm-none-eabi/13.3.1/../../../../arm-none-eabi/lib/thumb/v7-m/nofp\libm.a(libm_a-kf_sin.o)
 .ARM.attributes
                0x00000557       0x2d C:/ST/STM32CubeIDE_1.19.0/STM32CubeIDE/plugins/com.st.stm32cube.ide.mcu.externaltools.gnu-tools-for-stm32.13.3.rel1.win32_1.0.0.202411081344/tools/bin/../lib/gcc/arm-none-eabi/13.3.1/../../../../arm-none-eabi/lib/thumb/v7-m/nofp\libm.a(libm_a-ef_atan2.o)
 .ARM.attributes
                0x00000584       0x2d C:/ST/STM32CubeIDE_1.19.0/STM32CubeIDE/plugins/com.st.stm32cube.ide.mcu.externaltools.gnu-tools-for-stm32.13.3.rel1.win32_1.0.0.202411081344/tools/bin/../lib/gcc/arm-none-eabi/13.3.1/../../../../arm-none-eabi/lib/thumb/v7-m/nofp\libm.a(libm_a-ef_rem_pio2.o)
 .ARM.attributes
                0x000005b1       0x2d C:/ST/STM32CubeIDE_1.19.0/STM32CubeIDE/plugins/com.st.stm32cube.ide.mcu.externaltools.gnu-tools-for-stm32.13.3.rel1.win32_1.0.0.202411081344/tools/bin/../lib/gcc/arm-none-eabi/13.3.1/../../../../arm-none-eabi/lib/thumb/v7-m/nofp\libm.a(libm_a-sf_atan.o)
 .ARM.attributes
                0x000005de       0x2d C:/ST/STM32CubeIDE_1.19.0/STM32CubeIDE/plugins/com.st.stm32cube.ide.mcu.externaltools.gnu-tools-for-stm32.13.3.rel1.win32_1.0.0.202411081344/tools/bin/../lib/gcc/arm-none-eabi/13.3.1/../../../../arm-none-eabi/lib/thumb/v7-m/nofp\libm.a(libm_a-sf_fabs.o)
 .ARM.attributes
                0x0000060b       0x2d C:/ST/STM32CubeIDE_1.19.0/STM32CubeIDE/plugins/com.st.stm32cube.ide.mcu.externaltools.gnu-tools-for-stm32.13.3.rel1.win32_1.0.0.202411081344/tools/bin/../lib/gcc/arm-none-eabi/13.3.1/../../../../arm-none-eabi/lib/thumb/v7-m/nofp\libm.a(libm_a-kf_rem_pio2.o)
 .ARM.attributes
                0x00000638       0x2d C:/ST/STM32CubeIDE_1.19.0/STM32CubeIDE/plugins/com.st.stm32cube.ide.mcu.externaltools.gnu-tools-for-stm32.13.3.rel1.win32_1.0.0.202411081344/tools/bin/../lib/gcc/arm-none-eabi/13.3.1/../../../../arm-none-eabi/lib/thumb/v7-m/nofp\libm.a(libm_a-sf_scalbn.o)
 .ARM.attributes
                0x00000665       0x2d C:/ST/STM32CubeIDE_1.19.0/STM32CubeIDE/plugins/com.st.stm32cube.ide.mcu.externaltools.gnu-tools-for-stm32.13.3.rel1.win32_1.0.0.202411081344/tools/bin/../lib/gcc/arm-none-eabi/13.3.1/../../../../arm-none-eabi/lib/thumb/v7-m/nofp\libm.a(libm_a-sf_floor.o)
 .ARM.attributes
                0x00000692       0x1d C:/ST/STM32CubeIDE_1.19.0/STM32CubeIDE/plugins/com.st.stm32cube.ide.mcu.externaltools.gnu-tools-for-stm32.13.3.rel1.win32_1.0.0.202411081344/tools/bin/../lib/gcc/arm-none-eabi/13.3.1/thumb/v7-m/nofp\libgcc.a(_arm_addsubsf3.o)
 .ARM.attributes
                0x000006af       0x1d C:/ST/STM32CubeIDE_1.19.0/STM32CubeIDE/plugins/com.st.stm32cube.ide.mcu.externaltools.gnu-tools-for-stm32.13.3.rel1.win32_1.0.0.202411081344/tools/bin/../lib/gcc/arm-none-eabi/13.3.1/thumb/v7-m/nofp\libgcc.a(_arm_muldivsf3.o)
 .ARM.attributes
                0x000006cc       0x1d C:/ST/STM32CubeIDE_1.19.0/STM32CubeIDE/plugins/com.st.stm32cube.ide.mcu.externaltools.gnu-tools-for-stm32.13.3.rel1.win32_1.0.0.202411081344/tools/bin/../lib/gcc/arm-none-eabi/13.3.1/thumb/v7-m/nofp\libgcc.a(_arm_cmpsf2.o)
 .ARM.attributes
                0x000006e9       0x1d C:/ST/STM32CubeIDE_1.19.0/STM32CubeIDE/plugins/com.st.stm32cube.ide.mcu.externaltools.gnu-tools-for-stm32.13.3.rel1.win32_1.0.0.202411081344/tools/bin/../lib/gcc/arm-none-eabi/13.3.1/thumb/v7-m/nofp\libgcc.a(_arm_unordsf2.o)
 .ARM.attributes
                0x00000706       0x1d C:/ST/STM32CubeIDE_1.19.0/STM32CubeIDE/plugins/com.st.stm32cube.ide.mcu.externaltools.gnu-tools-for-stm32.13.3.rel1.win32_1.0.0.202411081344/tools/bin/../lib/gcc/arm-none-eabi/13.3.1/thumb/v7-m/nofp\libgcc.a(_arm_fixsfsi.o)
 .ARM.attributes
                0x00000723       0x1d C:/ST/STM32CubeIDE_1.19.0/STM32CubeIDE/plugins/com.st.stm32cube.ide.mcu.externaltools.gnu-tools-for-stm32.13.3.rel1.win32_1.0.0.202411081344/tools/bin/../lib/gcc/arm-none-eabi/13.3.1/thumb/v7-m/nofp/crtn.o
OUTPUT(icm_20948.elf elf32-littlearm)
LOAD linker stubs
LOAD C:/ST/STM32CubeIDE_1.19.0/STM32CubeIDE/plugins/com.st.stm32cube.ide.mcu.externaltools.gnu-tools-for-stm32.13.3.rel1.win32_1.0.0.202411081344/tools/bin/../lib/gcc/arm-none-eabi/13.3.1/../../../../arm-none-eabi/lib/thumb/v7-m/nofp\libc.a
LOAD C:/ST/STM32CubeIDE_1.19.0/STM32CubeIDE/plugins/com.st.stm32cube.ide.mcu.externaltools.gnu-tools-for-stm32.13.3.rel1.win32_1.0.0.202411081344/tools/bin/../lib/gcc/arm-none-eabi/13.3.1/../../../../arm-none-eabi/lib/thumb/v7-m/nofp\libm.a
LOAD C:/ST/STM32CubeIDE_1.19.0/STM32CubeIDE/plugins/com.st.stm32cube.ide.mcu.externaltools.gnu-tools-for-stm32.13.3.rel1.win32_1.0.0.202411081344/tools/bin/../lib/gcc/arm-none-eabi/13.3.1/thumb/v7-m/nofp\libgcc.a

.debug_info     0x00000000     0x725c
 .debug_info    0x00000000      0x364 ./Core/Src/debug_vars.o
 .debug_info    0x00000364      0xbb5 ./Core/Src/icm20948.o
 .debug_info    0x00000f19      0x18c ./Core/Src/led_direction.o
 .debug_info    0x000010a5      0x43c ./Core/Src/mag_ak09916.o
 .debug_info    0x000014e1      0xc51 ./Core/Src/main.o
 .debug_info    0x00002132      0x19d ./Core/Src/stationary.o
 .debug_info    0x000022cf      0xa27 ./Core/Src/stm32f1xx_hal_msp.o
 .debug_info    0x00002cf6      0x656 ./Core/Src/stm32f1xx_it.o
 .debug_info    0x0000334c      0x222 ./Core/Src/system_stm32f1xx.o
 .debug_info    0x0000356e      0x2b4 ./Core/Src/yaw_fusion.o
 .debug_info    0x00003822       0x30 ./Core/Startup/startup_stm32f103c8tx.o
 .debug_info    0x00003852      0x704 ./Drivers/STM32F1xx_HAL_Driver/Src/stm32f1xx_hal.o
 .debug_info    0x00003f56      0xa87 ./Drivers/STM32F1xx_HAL_Driver/Src/stm32f1xx_hal_cortex.o
 .debug_info    0x000049dd      0x6d2 ./Drivers/STM32F1xx_HAL_Driver/Src/stm32f1xx_hal_dma.o
 .debug_info    0x000050af      0x5ab ./Drivers/STM32F1xx_HAL_Driver/Src/stm32f1xx_hal_gpio.o
 .debug_info    0x0000565a      0x7d5 ./Drivers/STM32F1xx_HAL_Driver/Src/stm32f1xx_hal_rcc.o
 .debug_info    0x00005e2f     0x142d ./Drivers/STM32F1xx_HAL_Driver/Src/stm32f1xx_hal_spi.o

.debug_abbrev   0x00000000     0x1dfa
 .debug_abbrev  0x00000000       0x91 ./Core/Src/debug_vars.o
 .debug_abbrev  0x00000091      0x2d5 ./Core/Src/icm20948.o
 .debug_abbrev  0x00000366       0xf3 ./Core/Src/led_direction.o
 .debug_abbrev  0x00000459      0x247 ./Core/Src/mag_ak09916.o
 .debug_abbrev  0x000006a0      0x2a3 ./Core/Src/main.o
 .debug_abbrev  0x00000943       0xc3 ./Core/Src/stationary.o
 .debug_abbrev  0x00000a06      0x20c ./Core/Src/stm32f1xx_hal_msp.o
 .debug_abbrev  0x00000c12      0x189 ./Core/Src/stm32f1xx_it.o
 .debug_abbrev  0x00000d9b      0x13f ./Core/Src/system_stm32f1xx.o
 .debug_abbrev  0x00000eda      0x101 ./Core/Src/yaw_fusion.o
 .debug_abbrev  0x00000fdb       0x24 ./Core/Startup/startup_stm32f103c8tx.o
 .debug_abbrev  0x00000fff      0x201 ./Drivers/STM32F1xx_HAL_Driver/Src/stm32f1xx_hal.o
 .debug_abbrev  0x00001200      0x2f8 ./Drivers/STM32F1xx_HAL_Driver/Src/stm32f1xx_hal_cortex.o
 .debug_abbrev  0x000014f8      0x20b ./Drivers/STM32F1xx_HAL_Driver/Src/stm32f1xx_hal_dma.o
 .debug_abbrev  0x00001703      0x1ca ./Drivers/STM32F1xx_HAL_Driver/Src/stm32f1xx_hal_gpio.o
 .debug_abbrev  0x000018cd      0x2b3 ./Drivers/STM32F1xx_HAL_Driver/Src/stm32f1xx_hal_rcc.o
 .debug_abbrev  0x00001b80      0x27a ./Drivers/STM32F1xx_HAL_Driver/Src/stm32f1xx_hal_spi.o

.debug_aranges  0x00000000      0x770
 .debug_aranges
                0x00000000       0x20 ./Core/Src/debug_vars.o
 .debug_aranges
                0x00000020       0x50 ./Core/Src/icm20948.o
 .debug_aranges
                0x00000070       0x20 ./Core/Src/led_direction.o
 .debug_aranges
                0x00000090       0x40 ./Core/Src/mag_ak09916.o
 .debug_aranges
                0x000000d0       0x48 ./Core/Src/main.o
 .debug_aranges
                0x00000118       0x20 ./Core/Src/stationary.o
 .debug_aranges
                0x00000138       0x30 ./Core/Src/stm32f1xx_hal_msp.o
 .debug_aranges
                0x00000168       0x78 ./Core/Src/stm32f1xx_it.o
 .debug_aranges
                0x000001e0       0x28 ./Core/Src/system_stm32f1xx.o
 .debug_aranges
                0x00000208       0x28 ./Core/Src/yaw_fusion.o
 .debug_aranges
                0x00000230       0x28 ./Core/Startup/startup_stm32f103c8tx.o
 .debug_aranges
                0x00000258       0xe0 ./Drivers/STM32F1xx_HAL_Driver/Src/stm32f1xx_hal.o
 .debug_aranges
                0x00000338      0x100 ./Drivers/STM32F1xx_HAL_Driver/Src/stm32f1xx_hal_cortex.o
 .debug_aranges
                0x00000438       0x80 ./Drivers/STM32F1xx_HAL_Driver/Src/stm32f1xx_hal_dma.o
 .debug_aranges
                0x000004b8       0x58 ./Drivers/STM32F1xx_HAL_Driver/Src/stm32f1xx_hal_gpio.o
 .debug_aranges
                0x00000510       0x90 ./Drivers/STM32F1xx_HAL_Driver/Src/stm32f1xx_hal_rcc.o
 .debug_aranges
                0x000005a0      0x1d0 ./Drivers/STM32F1xx_HAL_Driver/Src/stm32f1xx_hal_spi.o

.debug_rnglists
                0x00000000      0x576
 .debug_rnglists
                0x00000000       0x14 ./Core/Src/debug_vars.o
 .debug_rnglists
                0x00000014       0x3b ./Core/Src/icm20948.o
 .debug_rnglists
                0x0000004f       0x14 ./Core/Src/led_direction.o
 .debug_rnglists
                0x00000063       0x2e ./Core/Src/mag_ak09916.o
 .debug_rnglists
                0x00000091       0x33 ./Core/Src/main.o
 .debug_rnglists
                0x000000c4       0x14 ./Core/Src/stationary.o
 .debug_rnglists
                0x000000d8       0x20 ./Core/Src/stm32f1xx_hal_msp.o
 .debug_rnglists
                0x000000f8       0x55 ./Core/Src/stm32f1xx_it.o
 .debug_rnglists
                0x0000014d       0x1a ./Core/Src/system_stm32f1xx.o
 .debug_rnglists
                0x00000167       0x1b ./Core/Src/yaw_fusion.o
 .debug_rnglists
                0x00000182       0x19 ./Core/Startup/startup_stm32f103c8tx.o
 .debug_rnglists
                0x0000019b       0xa3 ./Drivers/STM32F1xx_HAL_Driver/Src/stm32f1xx_hal.o
 .debug_rnglists
                0x0000023e       0xbb ./Drivers/STM32F1xx_HAL_Driver/Src/stm32f1xx_hal_cortex.o
 .debug_rnglists
                0x000002f9       0x64 ./Drivers/STM32F1xx_HAL_Driver/Src/stm32f1xx_hal_dma.o
 .debug_rnglists
                0x0000035d       0x3f ./Drivers/STM32F1xx_HAL_Driver/Src/stm32f1xx_hal_gpio.o
 .debug_rnglists
                0x0000039c       0x6c ./Drivers/STM32F1xx_HAL_Driver/Src/stm32f1xx_hal_rcc.o
 .debug_rnglists
                0x00000408      0x16e ./Drivers/STM32F1xx_HAL_Driver/Src/stm32f1xx_hal_spi.o

.debug_macro    0x00000000    0x17689
 .debug_macro   0x00000000      0x1d6 ./Core/Src/debug_vars.o
 .debug_macro   0x000001d6      0xacc ./Core/Src/debug_vars.o
 .debug_macro   0x00000ca2      0x21b ./Core/Src/debug_vars.o
 .debug_macro   0x00000ebd       0x2e ./Core/Src/debug_vars.o
 .debug_macro   0x00000eeb       0x22 ./Core/Src/debug_vars.o
 .debug_macro   0x00000f0d       0x22 ./Core/Src/debug_vars.o
 .debug_macro   0x00000f2f       0x8e ./Core/Src/debug_vars.o
 .debug_macro   0x00000fbd       0x51 ./Core/Src/debug_vars.o
 .debug_macro   0x0000100e      0x103 ./Core/Src/debug_vars.o
 .debug_macro   0x00001111       0x6a ./Core/Src/debug_vars.o
 .debug_macro   0x0000117b      0x1df ./Core/Src/debug_vars.o
 .debug_macro   0x0000135a       0x1c ./Core/Src/debug_vars.o
 .debug_macro   0x00001376       0x22 ./Core/Src/debug_vars.o
 .debug_macro   0x00001398       0xbd ./Core/Src/debug_vars.o
 .debug_macro   0x00001455      0xd23 ./Core/Src/debug_vars.o
 .debug_macro   0x00002178     0xe09e ./Core/Src/debug_vars.o
 .debug_macro   0x00010216       0x6d ./Core/Src/debug_vars.o
 .debug_macro   0x00010283     0x34a2 ./Core/Src/debug_vars.o
 .debug_macro   0x00013725      0x190 ./Core/Src/debug_vars.o
 .debug_macro   0x000138b5       0x5c ./Core/Src/debug_vars.o
 .debug_macro   0x00013911      0x5bc ./Core/Src/debug_vars.o
 .debug_macro   0x00013ecd      0x289 ./Core/Src/debug_vars.o
 .debug_macro   0x00014156      0x1cb ./Core/Src/debug_vars.o
 .debug_macro   0x00014321      0x114 ./Core/Src/debug_vars.o
 .debug_macro   0x00014435      0x1b2 ./Core/Src/debug_vars.o
 .debug_macro   0x000145e7       0x27 ./Core/Src/debug_vars.o
 .debug_macro   0x0001460e      0x136 ./Core/Src/debug_vars.o
 .debug_macro   0x00014744      0x1bc ./Core/Src/debug_vars.o
 .debug_macro   0x00014900       0x34 ./Core/Src/debug_vars.o
 .debug_macro   0x00014934       0x3c ./Core/Src/debug_vars.o
 .debug_macro   0x00014970       0x57 ./Core/Src/debug_vars.o
 .debug_macro   0x000149c7       0x87 ./Core/Src/debug_vars.o
 .debug_macro   0x00014a4e      0x240 ./Core/Src/debug_vars.o
 .debug_macro   0x00014c8e      0x140 ./Core/Src/debug_vars.o
 .debug_macro   0x00014dce      0x217 ./Core/Src/debug_vars.o
 .debug_macro   0x00014fe5       0x83 ./Core/Src/debug_vars.o
 .debug_macro   0x00015068       0x64 ./Core/Src/debug_vars.o
 .debug_macro   0x000150cc       0x76 ./Core/Src/debug_vars.o
 .debug_macro   0x00015142       0x1c ./Core/Src/debug_vars.o
 .debug_macro   0x0001515e       0x1c ./Core/Src/debug_vars.o
 .debug_macro   0x0001517a      0x1c8 ./Core/Src/icm20948.o
 .debug_macro   0x00015342       0x70 ./Core/Src/icm20948.o
 .debug_macro   0x000153b2       0x46 ./Core/Src/icm20948.o
 .debug_macro   0x000153f8      0x1b6 ./Core/Src/led_direction.o
 .debug_macro   0x000155ae       0x40 ./Core/Src/led_direction.o
 .debug_macro   0x000155ee      0x1c4 ./Core/Src/mag_ak09916.o
 .debug_macro   0x000157b2      0x1e9 ./Core/Src/main.o
 .debug_macro   0x0001599b      0x260 ./Core/Src/stationary.o
 .debug_macro   0x00015bfb       0x16 ./Core/Src/stationary.o
 .debug_macro   0x00015c11       0x61 ./Core/Src/stationary.o
 .debug_macro   0x00015c72       0x24 ./Core/Src/stationary.o
 .debug_macro   0x00015c96       0x43 ./Core/Src/stationary.o
 .debug_macro   0x00015cd9       0x34 ./Core/Src/stationary.o
 .debug_macro   0x00015d0d      0x370 ./Core/Src/stationary.o
 .debug_macro   0x0001607d       0x16 ./Core/Src/stationary.o
 .debug_macro   0x00016093       0x4a ./Core/Src/stationary.o
 .debug_macro   0x000160dd       0x34 ./Core/Src/stationary.o
 .debug_macro   0x00016111       0x10 ./Core/Src/stationary.o
 .debug_macro   0x00016121       0x58 ./Core/Src/stationary.o
 .debug_macro   0x00016179       0x8e ./Core/Src/stationary.o
 .debug_macro   0x00016207       0x1c ./Core/Src/stationary.o
 .debug_macro   0x00016223      0x185 ./Core/Src/stationary.o
 .debug_macro   0x000163a8      0x19b ./Core/Src/stationary.o
 .debug_macro   0x00016543      0x19d ./Core/Src/stm32f1xx_hal_msp.o
 .debug_macro   0x000166e0      0x1a7 ./Core/Src/stm32f1xx_it.o
 .debug_macro   0x00016887      0x18e ./Core/Src/system_stm32f1xx.o
 .debug_macro   0x00016a15      0x277 ./Core/Src/yaw_fusion.o
 .debug_macro   0x00016c8c      0x1b2 ./Drivers/STM32F1xx_HAL_Driver/Src/stm32f1xx_hal.o
 .debug_macro   0x00016e3e      0x18e ./Drivers/STM32F1xx_HAL_Driver/Src/stm32f1xx_hal_cortex.o
 .debug_macro   0x00016fcc      0x18e ./Drivers/STM32F1xx_HAL_Driver/Src/stm32f1xx_hal_dma.o
 .debug_macro   0x0001715a      0x1f9 ./Drivers/STM32F1xx_HAL_Driver/Src/stm32f1xx_hal_gpio.o
 .debug_macro   0x00017353      0x1a0 ./Drivers/STM32F1xx_HAL_Driver/Src/stm32f1xx_hal_rcc.o
 .debug_macro   0x000174f3      0x196 ./Drivers/STM32F1xx_HAL_Driver/Src/stm32f1xx_hal_spi.o

.debug_line     0x00000000     0xa8be
 .debug_line    0x00000000      0x795 ./Core/Src/debug_vars.o
 .debug_line    0x00000795      0x970 ./Core/Src/icm20948.o
 .debug_line    0x00001105      0x731 ./Core/Src/led_direction.o
 .debug_line    0x00001836      0x8dc ./Core/Src/mag_ak09916.o
 .debug_line    0x00002112      0x89f ./Core/Src/main.o
 .debug_line    0x000029b1      0x896 ./Core/Src/stationary.o
 .debug_line    0x00003247      0x770 ./Core/Src/stm32f1xx_hal_msp.o
 .debug_line    0x000039b7      0x7c1 ./Core/Src/stm32f1xx_it.o
 .debug_line    0x00004178      0x749 ./Core/Src/system_stm32f1xx.o
 .debug_line    0x000048c1      0x928 ./Core/Src/yaw_fusion.o
 .debug_line    0x000051e9       0x78 ./Core/Startup/startup_stm32f103c8tx.o
 .debug_line    0x00005261      0x97a ./Drivers/STM32F1xx_HAL_Driver/Src/stm32f1xx_hal.o
 .debug_line    0x00005bdb      0xb44 ./Drivers/STM32F1xx_HAL_Driver/Src/stm32f1xx_hal_cortex.o
 .debug_line    0x0000671f      0xd84 ./Drivers/STM32F1xx_HAL_Driver/Src/stm32f1xx_hal_dma.o
 .debug_line    0x000074a3      0x9d7 ./Drivers/STM32F1xx_HAL_Driver/Src/stm32f1xx_hal_gpio.o
 .debug_line    0x00007e7a      0xe33 ./Drivers/STM32F1xx_HAL_Driver/Src/stm32f1xx_hal_rcc.o
 .debug_line    0x00008cad     0x1c11 ./Drivers/STM32F1xx_HAL_Driver/Src/stm32f1xx_hal_spi.o

.debug_str      0x00000000    0x82092
 .debug_str     0x00000000    0x82092 ./Core/Src/debug_vars.o
                              0x7c6ec (size before relaxing)
 .debug_str     0x00082092    0x7cdc3 ./Core/Src/icm20948.o
 .debug_str     0x00082092    0x7c632 ./Core/Src/led_direction.o
 .debug_str     0x00082092    0x7c95a ./Core/Src/mag_ak09916.o
 .debug_str     0x00082092    0x7d2be ./Core/Src/main.o
 .debug_str     0x00082092    0x7ff3b ./Core/Src/stationary.o
 .debug_str     0x00082092    0x7cb8b ./Core/Src/stm32f1xx_hal_msp.o
 .debug_str     0x00082092    0x7c81d ./Core/Src/stm32f1xx_it.o
 .debug_str     0x00082092    0x7c221 ./Core/Src/system_stm32f1xx.o
 .debug_str     0x00082092    0x7ffec ./Core/Src/yaw_fusion.o
 .debug_str     0x00082092       0x52 ./Core/Startup/startup_stm32f103c8tx.o
 .debug_str     0x00082092    0x7c954 ./Drivers/STM32F1xx_HAL_Driver/Src/stm32f1xx_hal.o
 .debug_str     0x00082092    0x7c8a0 ./Drivers/STM32F1xx_HAL_Driver/Src/stm32f1xx_hal_cortex.o
 .debug_str     0x00082092    0x7c5ca ./Drivers/STM32F1xx_HAL_Driver/Src/stm32f1xx_hal_dma.o
 .debug_str     0x00082092    0x7c5a7 ./Drivers/STM32F1xx_HAL_Driver/Src/stm32f1xx_hal_gpio.o
 .debug_str     0x00082092    0x7c650 ./Drivers/STM32F1xx_HAL_Driver/Src/stm32f1xx_hal_rcc.o
 .debug_str     0x00082092    0x7cb47 ./Drivers/STM32F1xx_HAL_Driver/Src/stm32f1xx_hal_spi.o

.comment        0x00000000       0x43
 .comment       0x00000000       0x43 ./Core/Src/debug_vars.o
                                 0x44 (size before relaxing)
 .comment       0x00000043       0x44 ./Core/Src/icm20948.o
 .comment       0x00000043       0x44 ./Core/Src/led_direction.o
 .comment       0x00000043       0x44 ./Core/Src/mag_ak09916.o
 .comment       0x00000043       0x44 ./Core/Src/main.o
 .comment       0x00000043       0x44 ./Core/Src/stationary.o
 .comment       0x00000043       0x44 ./Core/Src/stm32f1xx_hal_msp.o
 .comment       0x00000043       0x44 ./Core/Src/stm32f1xx_it.o
 .comment       0x00000043       0x44 ./Core/Src/system_stm32f1xx.o
 .comment       0x00000043       0x44 ./Core/Src/yaw_fusion.o
 .comment       0x00000043       0x44 ./Drivers/STM32F1xx_HAL_Driver/Src/stm32f1xx_hal.o
 .comment       0x00000043       0x44 ./Drivers/STM32F1xx_HAL_Driver/Src/stm32f1xx_hal_cortex.o
 .comment       0x00000043       0x44 ./Drivers/STM32F1xx_HAL_Driver/Src/stm32f1xx_hal_dma.o
 .comment       0x00000043       0x44 ./Drivers/STM32F1xx_HAL_Driver/Src/stm32f1xx_hal_gpio.o
 .comment       0x00000043       0x44 ./Drivers/STM32F1xx_HAL_Driver/Src/stm32f1xx_hal_rcc.o
 .comment       0x00000043       0x44 ./Drivers/STM32F1xx_HAL_Driver/Src/stm32f1xx_hal_spi.o

.debug_frame    0x00000000     0x20b0
 .debug_frame   0x00000000       0x2c ./Core/Src/debug_vars.o
 .debug_frame   0x0000002c      0x114 ./Core/Src/icm20948.o
 .debug_frame   0x00000140       0x2c ./Core/Src/led_direction.o
 .debug_frame   0x0000016c       0xc8 ./Core/Src/mag_ak09916.o
 .debug_frame   0x00000234       0xd0 ./Core/Src/main.o
 .debug_frame   0x00000304       0x38 ./Core/Src/stationary.o
 .debug_frame   0x0000033c       0x80 ./Core/Src/stm32f1xx_hal_msp.o
 .debug_frame   0x000003bc      0x158 ./Core/Src/stm32f1xx_it.o
 .debug_frame   0x00000514       0x58 ./Core/Src/system_stm32f1xx.o
 .debug_frame   0x0000056c       0x5c ./Core/Src/yaw_fusion.o
 .debug_frame   0x000005c8      0x334 ./Drivers/STM32F1xx_HAL_Driver/Src/stm32f1xx_hal.o
 .debug_frame   0x000008fc      0x428 ./Drivers/STM32F1xx_HAL_Driver/Src/stm32f1xx_hal_cortex.o
 .debug_frame   0x00000d24      0x208 ./Drivers/STM32F1xx_HAL_Driver/Src/stm32f1xx_hal_dma.o
 .debug_frame   0x00000f2c      0x14c ./Drivers/STM32F1xx_HAL_Driver/Src/stm32f1xx_hal_gpio.o
 .debug_frame   0x00001078      0x218 ./Drivers/STM32F1xx_HAL_Driver/Src/stm32f1xx_hal_rcc.o
 .debug_frame   0x00001290      0x824 ./Drivers/STM32F1xx_HAL_Driver/Src/stm32f1xx_hal_spi.o
 .debug_frame   0x00001ab4      0x144 C:/ST/STM32CubeIDE_1.19.0/STM32CubeIDE/plugins/com.st.stm32cube.ide.mcu.externaltools.gnu-tools-for-stm32.13.3.rel1.win32_1.0.0.202411081344/tools/bin/../lib/gcc/arm-none-eabi/13.3.1/../../../../arm-none-eabi/lib/thumb/v7-m/nofp\libc_nano.a(libc_a-findfp.o)
 .debug_frame   0x00001bf8       0x20 C:/ST/STM32CubeIDE_1.19.0/STM32CubeIDE/plugins/com.st.stm32cube.ide.mcu.externaltools.gnu-tools-for-stm32.13.3.rel1.win32_1.0.0.202411081344/tools/bin/../lib/gcc/arm-none-eabi/13.3.1/../../../../arm-none-eabi/lib/thumb/v7-m/nofp\libc_nano.a(libc_a-memset.o)
 .debug_frame   0x00001c18       0x20 C:/ST/STM32CubeIDE_1.19.0/STM32CubeIDE/plugins/com.st.stm32cube.ide.mcu.externaltools.gnu-tools-for-stm32.13.3.rel1.win32_1.0.0.202411081344/tools/bin/../lib/gcc/arm-none-eabi/13.3.1/../../../../arm-none-eabi/lib/thumb/v7-m/nofp\libc_nano.a(libc_a-errno.o)
 .debug_frame   0x00001c38       0x2c C:/ST/STM32CubeIDE_1.19.0/STM32CubeIDE/plugins/com.st.stm32cube.ide.mcu.externaltools.gnu-tools-for-stm32.13.3.rel1.win32_1.0.0.202411081344/tools/bin/../lib/gcc/arm-none-eabi/13.3.1/../../../../arm-none-eabi/lib/thumb/v7-m/nofp\libc_nano.a(libc_a-init.o)
 .debug_frame   0x00001c64       0x20 C:/ST/STM32CubeIDE_1.19.0/STM32CubeIDE/plugins/com.st.stm32cube.ide.mcu.externaltools.gnu-tools-for-stm32.13.3.rel1.win32_1.0.0.202411081344/tools/bin/../lib/gcc/arm-none-eabi/13.3.1/../../../../arm-none-eabi/lib/thumb/v7-m/nofp\libm.a(libm_a-wf_atan2.o)
 .debug_frame   0x00001c84       0x2c C:/ST/STM32CubeIDE_1.19.0/STM32CubeIDE/plugins/com.st.stm32cube.ide.mcu.externaltools.gnu-tools-for-stm32.13.3.rel1.win32_1.0.0.202411081344/tools/bin/../lib/gcc/arm-none-eabi/13.3.1/../../../../arm-none-eabi/lib/thumb/v7-m/nofp\libm.a(libm_a-wf_sqrt.o)
 .debug_frame   0x00001cb0       0x38 C:/ST/STM32CubeIDE_1.19.0/STM32CubeIDE/plugins/com.st.stm32cube.ide.mcu.externaltools.gnu-tools-for-stm32.13.3.rel1.win32_1.0.0.202411081344/tools/bin/../lib/gcc/arm-none-eabi/13.3.1/../../../../arm-none-eabi/lib/thumb/v7-m/nofp\libm.a(libm_a-sf_cos.o)
 .debug_frame   0x00001ce8       0x38 C:/ST/STM32CubeIDE_1.19.0/STM32CubeIDE/plugins/com.st.stm32cube.ide.mcu.externaltools.gnu-tools-for-stm32.13.3.rel1.win32_1.0.0.202411081344/tools/bin/../lib/gcc/arm-none-eabi/13.3.1/../../../../arm-none-eabi/lib/thumb/v7-m/nofp\libm.a(libm_a-sf_sin.o)
 .debug_frame   0x00001d20       0x30 C:/ST/STM32CubeIDE_1.19.0/STM32CubeIDE/plugins/com.st.stm32cube.ide.mcu.externaltools.gnu-tools-for-stm32.13.3.rel1.win32_1.0.0.202411081344/tools/bin/../lib/gcc/arm-none-eabi/13.3.1/../../../../arm-none-eabi/lib/thumb/v7-m/nofp\libm.a(libm_a-ef_sqrt.o)
 .debug_frame   0x00001d50       0x30 C:/ST/STM32CubeIDE_1.19.0/STM32CubeIDE/plugins/com.st.stm32cube.ide.mcu.externaltools.gnu-tools-for-stm32.13.3.rel1.win32_1.0.0.202411081344/tools/bin/../lib/gcc/arm-none-eabi/13.3.1/../../../../arm-none-eabi/lib/thumb/v7-m/nofp\libm.a(libm_a-kf_cos.o)
 .debug_frame   0x00001d80       0x34 C:/ST/STM32CubeIDE_1.19.0/STM32CubeIDE/plugins/com.st.stm32cube.ide.mcu.externaltools.gnu-tools-for-stm32.13.3.rel1.win32_1.0.0.202411081344/tools/bin/../lib/gcc/arm-none-eabi/13.3.1/../../../../arm-none-eabi/lib/thumb/v7-m/nofp\libm.a(libm_a-kf_sin.o)
 .debug_frame   0x00001db4       0x3c C:/ST/STM32CubeIDE_1.19.0/STM32CubeIDE/plugins/com.st.stm32cube.ide.mcu.externaltools.gnu-tools-for-stm32.13.3.rel1.win32_1.0.0.202411081344/tools/bin/../lib/gcc/arm-none-eabi/13.3.1/../../../../arm-none-eabi/lib/thumb/v7-m/nofp\libm.a(libm_a-ef_atan2.o)
 .debug_frame   0x00001df0       0x40 C:/ST/STM32CubeIDE_1.19.0/STM32CubeIDE/plugins/com.st.stm32cube.ide.mcu.externaltools.gnu-tools-for-stm32.13.3.rel1.win32_1.0.0.202411081344/tools/bin/../lib/gcc/arm-none-eabi/13.3.1/../../../../arm-none-eabi/lib/thumb/v7-m/nofp\libm.a(libm_a-ef_rem_pio2.o)
 .debug_frame   0x00001e30       0x30 C:/ST/STM32CubeIDE_1.19.0/STM32CubeIDE/plugins/com.st.stm32cube.ide.mcu.externaltools.gnu-tools-for-stm32.13.3.rel1.win32_1.0.0.202411081344/tools/bin/../lib/gcc/arm-none-eabi/13.3.1/../../../../arm-none-eabi/lib/thumb/v7-m/nofp\libm.a(libm_a-sf_atan.o)
 .debug_frame   0x00001e60       0x20 C:/ST/STM32CubeIDE_1.19.0/STM32CubeIDE/plugins/com.st.stm32cube.ide.mcu.externaltools.gnu-tools-for-stm32.13.3.rel1.win32_1.0.0.202411081344/tools/bin/../lib/gcc/arm-none-eabi/13.3.1/../../../../arm-none-eabi/lib/thumb/v7-m/nofp\libm.a(libm_a-sf_fabs.o)
 .debug_frame   0x00001e80       0x44 C:/ST/STM32CubeIDE_1.19.0/STM32CubeIDE/plugins/com.st.stm32cube.ide.mcu.externaltools.gnu-tools-for-stm32.13.3.rel1.win32_1.0.0.202411081344/tools/bin/../lib/gcc/arm-none-eabi/13.3.1/../../../../arm-none-eabi/lib/thumb/v7-m/nofp\libm.a(libm_a-kf_rem_pio2.o)
 .debug_frame   0x00001ec4       0x2c C:/ST/STM32CubeIDE_1.19.0/STM32CubeIDE/plugins/com.st.stm32cube.ide.mcu.externaltools.gnu-tools-for-stm32.13.3.rel1.win32_1.0.0.202411081344/tools/bin/../lib/gcc/arm-none-eabi/13.3.1/../../../../arm-none-eabi/lib/thumb/v7-m/nofp\libm.a(libm_a-sf_scalbn.o)
 .debug_frame   0x00001ef0       0x2c C:/ST/STM32CubeIDE_1.19.0/STM32CubeIDE/plugins/com.st.stm32cube.ide.mcu.externaltools.gnu-tools-for-stm32.13.3.rel1.win32_1.0.0.202411081344/tools/bin/../lib/gcc/arm-none-eabi/13.3.1/../../../../arm-none-eabi/lib/thumb/v7-m/nofp\libm.a(libm_a-sf_floor.o)
 .debug_frame   0x00001f1c       0x4c C:/ST/STM32CubeIDE_1.19.0/STM32CubeIDE/plugins/com.st.stm32cube.ide.mcu.externaltools.gnu-tools-for-stm32.13.3.rel1.win32_1.0.0.202411081344/tools/bin/../lib/gcc/arm-none-eabi/13.3.1/thumb/v7-m/nofp\libgcc.a(_arm_addsubsf3.o)
 .debug_frame   0x00001f68       0x38 C:/ST/STM32CubeIDE_1.19.0/STM32CubeIDE/plugins/com.st.stm32cube.ide.mcu.externaltools.gnu-tools-for-stm32.13.3.rel1.win32_1.0.0.202411081344/tools/bin/../lib/gcc/arm-none-eabi/13.3.1/thumb/v7-m/nofp\libgcc.a(_arm_muldivsf3.o)
 .debug_frame   0x00001fa0       0xc8 C:/ST/STM32CubeIDE_1.19.0/STM32CubeIDE/plugins/com.st.stm32cube.ide.mcu.externaltools.gnu-tools-for-stm32.13.3.rel1.win32_1.0.0.202411081344/tools/bin/../lib/gcc/arm-none-eabi/13.3.1/thumb/v7-m/nofp\libgcc.a(_arm_cmpsf2.o)
 .debug_frame   0x00002068       0x24 C:/ST/STM32CubeIDE_1.19.0/STM32CubeIDE/plugins/com.st.stm32cube.ide.mcu.externaltools.gnu-tools-for-stm32.13.3.rel1.win32_1.0.0.202411081344/tools/bin/../lib/gcc/arm-none-eabi/13.3.1/thumb/v7-m/nofp\libgcc.a(_arm_unordsf2.o)
 .debug_frame   0x0000208c       0x24 C:/ST/STM32CubeIDE_1.19.0/STM32CubeIDE/plugins/com.st.stm32cube.ide.mcu.externaltools.gnu-tools-for-stm32.13.3.rel1.win32_1.0.0.202411081344/tools/bin/../lib/gcc/arm-none-eabi/13.3.1/thumb/v7-m/nofp\libgcc.a(_arm_fixsfsi.o)

.debug_line_str
                0x00000000       0x36
 .debug_line_str
                0x00000000       0x36 ./Core/Startup/startup_stm32f103c8tx.o
